 PhysXCooking_64

 Timestamp is 64ccc3dc (Fri Aug  4 18:24:44 2023)

 Preferred load address is 0000000180000000

 Start         Length     Name                   Class
 0001:00000000 00000060H .text$di                CODE
 0001:00000060 0001ec70H .text$mn                CODE
 0001:0001ecd0 00000040H .text$mn$00             CODE
 0001:0001ed10 00000680H .text$x                 CODE
 0002:00000000 00000280H .idata$5                DATA
 0002:00000280 00000038H .00cfg                  DATA
 0002:000002b8 00000008H .CRT$XCA                DATA
 0002:000002c0 00000030H .CRT$XCU                DATA
 0002:000002f0 00000008H .CRT$XCZ                DATA
 0002:000002f8 00000008H .CRT$XIA                DATA
 0002:00000300 00000018H .CRT$XIC                DATA
 0002:00000318 00000008H .CRT$XIZ                DATA
 0002:00000320 00000008H .CRT$XPA                DATA
 0002:00000328 00000010H .CRT$XPX                DATA
 0002:00000338 00000008H .CRT$XPXA               DATA
 0002:00000340 00000008H .CRT$XPZ                DATA
 0002:00000348 00000008H .CRT$XTA                DATA
 0002:00000350 00000010H .CRT$XTZ                DATA
 0002:00000358 00000000H .gehcont$y              DATA
 0002:00000358 00000000H .gfids$y                DATA
 0002:00000360 00008da0H .rdata                  DATA
 0002:00009100 00000000H .rdata$CastGuardVftablesA DATA
 0002:00009100 00000000H .rdata$CastGuardVftablesC DATA
 0002:00009100 0000043cH .rdata$r                DATA
 0002:0000953c 00000280H .rdata$voltmd           DATA
 0002:000097bc 0000041cH .rdata$zzzdbg           DATA
 0002:00009bd8 00000008H .rtc$IAA                DATA
 0002:00009be0 00000008H .rtc$IZZ                DATA
 0002:00009be8 00000008H .rtc$TAA                DATA
 0002:00009bf0 00000008H .rtc$TZZ                DATA
 0002:00009bf8 000015f8H .xdata                  DATA
 0002:0000b1f0 00000084H .xdata$x                DATA
 0002:0000b274 00000040H .didat$2                DATA
 0002:0000b2b4 00000024H .didat$3                DATA
 0002:0000b2d8 000000d8H .didat$4                DATA
 0002:0000b3b0 00000280H .didat$6                DATA
 0002:0000b630 000000e0H .didat$7                DATA
 0002:0000b710 00000b04H .edata                  DATA
 0002:0000c214 00000014H .idata$2                DATA
 0002:0000c228 00000018H .idata$3                DATA
 0002:0000c240 00000280H .idata$4                DATA
 0002:0000c4c0 000005baH .idata$6                DATA
 0003:00000000 00000a00H .data                   DATA
 0003:00000a00 000000e0H .data$r                 DATA
 0003:00000ae0 000000f0H .data$rs                DATA
 0003:00000bd0 000000e0H .didat$5                DATA
 0003:00000cb0 00001270H .bss                    DATA
 0004:00000000 000018fcH .pdata                  DATA
 0005:00000000 0000015cH _RDATA                  DATA
 0006:00000000 000000a0H .rsrc$01                DATA
 0006:000000a0 000004b0H .rsrc$02                DATA

  Address         Publics by Value              Rva+Base               Lib:Object

 0000:00000000       __AbsoluteZero             0000000000000000     <absolute>
 0000:00000000       ___safe_se_handler_count   0000000000000000     <absolute>
 0000:00000000       ___safe_se_handler_table   0000000000000000     <absolute>
 0000:00000000       __arm64x_extra_rfe_table   0000000000000000     <absolute>
 0000:00000000       __arm64x_extra_rfe_table_size 0000000000000000     <absolute>
 0000:00000000       __arm64x_native_entrypoint 0000000000000000     <absolute>
 0000:00000000       __arm64x_redirection_metadata 0000000000000000     <absolute>
 0000:00000000       __arm64x_redirection_metadata_count 0000000000000000     <absolute>
 0000:00000000       __dynamic_value_reloc_table 0000000000000000     <absolute>
 0000:00000000       __enclave_config           0000000000000000     <absolute>
 0000:00000000       __guard_check_icall_a64n_fptr 0000000000000000     <absolute>
 0000:00000000       __guard_eh_cont_count      0000000000000000     <absolute>
 0000:00000000       __guard_eh_cont_table      0000000000000000     <absolute>
 0000:00000000       __guard_fids_count         0000000000000000     <absolute>
 0000:00000000       __guard_fids_table         0000000000000000     <absolute>
 0000:00000000       __guard_iat_count          0000000000000000     <absolute>
 0000:00000000       __guard_iat_table          0000000000000000     <absolute>
 0000:00000000       __guard_longjmp_count      0000000000000000     <absolute>
 0000:00000000       __guard_longjmp_table      0000000000000000     <absolute>
 0000:00000000       __hybrid_auxiliary_delayload_iat 0000000000000000     <absolute>
 0000:00000000       __hybrid_auxiliary_delayload_iat_copy 0000000000000000     <absolute>
 0000:00000000       __hybrid_auxiliary_iat     0000000000000000     <absolute>
 0000:00000000       __hybrid_auxiliary_iat_copy 0000000000000000     <absolute>
 0000:00000000       __hybrid_code_map          0000000000000000     <absolute>
 0000:00000000       __hybrid_code_map_count    0000000000000000     <absolute>
 0000:00000000       __x64_code_ranges_to_entry_points 0000000000000000     <absolute>
 0000:00000000       __x64_code_ranges_to_entry_points_count 0000000000000000     <absolute>
 0000:00000100       __guard_flags              0000000000000100     <absolute>
 0000:00000000       __ImageBase                0000000180000000     <linker-defined>
 0001:00000060       ??$copy@V?$PxReflectionAllocator@USlab@NodeAllocator@Gu@physx@@@physx@@@?$PxArray@USlab@NodeAllocator@Gu@physx@@V?$PxReflectionAllocator@USlab@NodeAllocator@Gu@physx@@@4@@physx@@IEAAXAEBV01@@Z 0000000180001060 f i Cooking.obj
 0001:000000e0       ??0AABBTreeBounds@Gu@physx@@QEAA@XZ 00000001800010e0 f i Cooking.obj
 0001:000000f0       ??0AABBTreeBuildNode@Gu@physx@@QEAA@AEBV012@@Z 00000001800010f0 f i Cooking.obj
 0001:000000f0       ??4AABBTreeBuildNode@Gu@physx@@QEAAAEAV012@AEBV012@@Z 00000001800010f0 f i Cooking.obj
 0001:00000130       ??0AABBTreeBuildNode@Gu@physx@@QEAA@XZ 0000000180001130 f i Cooking.obj
 0001:00000130       ??4PxFoundation@physx@@QEAAAEAV01@AEBV01@@Z 0000000180001130 f i Cooking.obj
 0001:00000130       ?getAABB@AABBTreeBuildNode@Gu@physx@@QEBAAEBVPxBounds3@3@XZ 0000000180001130 f i Cooking.obj
 0001:00000140       ??0AABBTreeBuildParams@Gu@physx@@QEAA@IIPEBVAABBTreeBounds@12@W4BVHBuildStrategy@12@@Z 0000000180001140 f i Cooking.obj
 0001:00000160       ??0NodeAllocator@Gu@physx@@QEAA@AEBV012@@Z 0000000180001160 f i Cooking.obj
 0001:000001a0       ??0PxFoundation@physx@@QEAA@AEBV01@@Z 00000001800011a0 f i Cooking.obj
 0001:000001a0       ??0PxFoundation@physx@@QEAA@XZ 00000001800011a0 f i Cooking.obj
 0001:000001b0       ??1AABBTreeBounds@Gu@physx@@QEAA@XZ 00000001800011b0 f i Cooking.obj
 0001:000001c0       ??1AABBTreeBuildNode@Gu@physx@@QEAA@XZ 00000001800011c0 f i Cooking.obj
 0001:000001c0       _guard_check_icall_nop     00000001800011c0 f i LIBCMT:guard_support.obj
 0001:000001d0       ??1AABBTreeBuildParams@Gu@physx@@QEAA@XZ 00000001800011d0 f i Cooking.obj
 0001:000001d0       ?reset@AABBTreeBuildParams@Gu@physx@@QEAAXXZ 00000001800011d0 f i Cooking.obj
 0001:00000220       ??1PxFoundation@physx@@MEAA@XZ 0000000180001220 f i Cooking.obj
 0001:00000230       ??4AABBTreeBounds@Gu@physx@@QEAAAEAV012@AEBV012@@Z 0000000180001230 f i Cooking.obj
 0001:00000240       ??4AABBTreeBuildParams@Gu@physx@@QEAAAEAV012@AEBV012@@Z 0000000180001240 f i Cooking.obj
 0001:00000260       ??4NodeAllocator@Gu@physx@@QEAAAEAV012@AEBV012@@Z 0000000180001260 f i Cooking.obj
 0001:00000310       ??_EPxFoundation@physx@@MEAAPEAXI@Z 0000000180001310 f i Cooking.obj
 0001:000003a0       ??_FAABBTreeBuildParams@Gu@physx@@QEAAXXZ 00000001800013a0 f i Cooking.obj
 0001:000003c0       ?allocate@?$PxArray@USlab@NodeAllocator@Gu@physx@@V?$PxReflectionAllocator@USlab@NodeAllocator@Gu@physx@@@4@@physx@@IEAAPEAUSlab@NodeAllocator@Gu@2@I@Z 00000001800013c0 f i Cooking.obj
 0001:00000450       ?getBounds@AABBTreeBounds@Gu@physx@@QEAAPEAVPxBounds3@3@XZ 0000000180001450 f i Cooking.obj
 0001:00000450       ?getBounds@AABBTreeBounds@Gu@physx@@QEBAPEBVPxBounds3@3@XZ 0000000180001450 f i Cooking.obj
 0001:00000460       ?getNbPrimitives@AABBTreeBuildNode@Gu@physx@@QEBAIXZ 0000000180001460 f i Cooking.obj
 0001:00000460       ?getNbRuntimePrimitives@AABBTreeBuildNode@Gu@physx@@QEBAIXZ 0000000180001460 f i Cooking.obj
 0001:00000470       ?getNeg@AABBTreeBuildNode@Gu@physx@@QEBAPEBV123@XZ 0000000180001470 f i Cooking.obj
 0001:00000490       ?getPos@AABBTreeBuildNode@Gu@physx@@QEBAPEBV123@XZ 0000000180001490 f i Cooking.obj
 0001:000004a0       ?getPrimitives@AABBTreeBuildNode@Gu@physx@@QEAAPEAIPEAI@Z 00000001800014a0 f i Cooking.obj
 0001:000004a0       ?getPrimitives@AABBTreeBuildNode@Gu@physx@@QEBAPEBIPEBI@Z 00000001800014a0 f i Cooking.obj
 0001:000004b0       ?isLeaf@AABBTreeBuildNode@Gu@physx@@QEBA_NXZ 00000001800014b0 f i Cooking.obj
 0001:000004c0       ?moveFrom@AABBTreeBounds@Gu@physx@@QEAAXAEAV123@@Z 00000001800014c0 f i Cooking.obj
 0001:000004d0       ?ownsMemory@AABBTreeBounds@Gu@physx@@QEBA_NXZ 00000001800014d0 f i Cooking.obj
 0001:000004e0       ?recreate@?$PxArray@USlab@NodeAllocator@Gu@physx@@V?$PxReflectionAllocator@USlab@NodeAllocator@Gu@physx@@@4@@physx@@IEAAXI@Z 00000001800014e0 f i Cooking.obj
 0001:00000590       ?setBounds@AABBTreeBounds@Gu@physx@@QEAAXPEAVPxBounds3@3@@Z 0000000180001590 f i Cooking.obj
 0001:000005a0       ?setNbRunTimePrimitives@AABBTreeBuildNode@Gu@physx@@QEAAXI@Z 00000001800015a0 f i Cooking.obj
 0001:000005b0       ?takeOwnership@AABBTreeBounds@Gu@physx@@QEAAXXZ 00000001800015b0 f i Cooking.obj
 0001:000005c0       PxAssembleSoftBodyMesh     00000001800015c0 f   Cooking.obj
 0001:000005d0       PxAssembleSoftBodyMesh_Sim 00000001800015d0 f   Cooking.obj
 0001:000005e0       PxComputeCollisionData     00000001800015e0 f   Cooking.obj
 0001:000005f0       PxComputeHullPolygons      00000001800015f0 f   Cooking.obj
 0001:00000600       PxComputeModelsMapping     0000000180001600 f   Cooking.obj
 0001:00000610       PxComputeSimulationData    0000000180001610 f   Cooking.obj
 0001:00000620       PxCookBVH                  0000000180001620 f   Cooking.obj
 0001:00000630       PxCookConvexMesh           0000000180001630 f   Cooking.obj
 0001:00000640       PxCookHeightField          0000000180001640 f   Cooking.obj
 0001:00000650       PxCookSoftBodyMesh         0000000180001650 f   Cooking.obj
 0001:00000660       PxCookTetrahedronMesh      0000000180001660 f   Cooking.obj
 0001:00000670       PxCookTriangleMesh         0000000180001670 f   Cooking.obj
 0001:00000680       PxCreateBVH                0000000180001680 f   Cooking.obj
 0001:00000690       PxCreateBVHInternal        0000000180001690 f   Cooking.obj
 0001:00000720       PxCreateConvexMesh         0000000180001720 f   Cooking.obj
 0001:00000730       PxCreateHeightField        0000000180001730 f   Cooking.obj
 0001:00000740       PxCreateSoftBodyMesh       0000000180001740 f   Cooking.obj
 0001:00000750       PxCreateTetrahedronMesh    0000000180001750 f   Cooking.obj
 0001:00000760       PxCreateTriangleMesh       0000000180001760 f   Cooking.obj
 0001:00000770       PxCreateTriangleMeshInternal 0000000180001770 f   Cooking.obj
 0001:00000800       PxGetStandaloneInsertionCallback 0000000180001800 f   Cooking.obj
 0001:00000810       PxValidateConvexMesh       0000000180001810 f   Cooking.obj
 0001:00000820       PxValidateTriangleMesh     0000000180001820 f   Cooking.obj
 0001:00000830       ?cookingDelayHook@@YAP6A_JXZIPEAUDelayLoadInfo@@@Z 0000000180001830 f   WindowsCookingDelayLoadHook.obj
 0001:00000910       PxSetPhysXCookingDelayLoadHook 0000000180001910 f   WindowsCookingDelayLoadHook.obj
 0001:00000918       __imp_load_getInsertionCallback 0000000180001918 f   PhysXCommon_64:PhysXCommon_64.dll
 0001:00000924       getInsertionCallback       0000000180001924 f   PhysXCommon_64:PhysXCommon_64.dll
 0001:0000092a       __tailMerge_physxcommon_64_dll 000000018000192a     PhysXCommon_64:PhysXCommon_64.dll
 0001:000009a3       __imp_load_cookBVH         00000001800019a3 f   PhysXCommon_64:PhysXCommon_64.dll
 0001:000009af       cookBVH                    00000001800019af f   PhysXCommon_64:PhysXCommon_64.dll
 0001:000009b5       __imp_load_createBVH       00000001800019b5 f   PhysXCommon_64:PhysXCommon_64.dll
 0001:000009c1       createBVH                  00000001800019c1 f   PhysXCommon_64:PhysXCommon_64.dll
 0001:000009c7       __imp_load_cookHeightField 00000001800019c7 f   PhysXCommon_64:PhysXCommon_64.dll
 0001:000009d3       cookHeightField            00000001800019d3 f   PhysXCommon_64:PhysXCommon_64.dll
 0001:000009d9       __imp_load_createHeightField 00000001800019d9 f   PhysXCommon_64:PhysXCommon_64.dll
 0001:000009e5       createHeightField          00000001800019e5 f   PhysXCommon_64:PhysXCommon_64.dll
 0001:000009eb       __imp_load_cookConvexMesh  00000001800019eb f   PhysXCommon_64:PhysXCommon_64.dll
 0001:000009f7       cookConvexMesh             00000001800019f7 f   PhysXCommon_64:PhysXCommon_64.dll
 0001:000009fd       __imp_load_createConvexMesh 00000001800019fd f   PhysXCommon_64:PhysXCommon_64.dll
 0001:00000a09       createConvexMesh           0000000180001a09 f   PhysXCommon_64:PhysXCommon_64.dll
 0001:00000a0f       __imp_load_validateConvexMesh 0000000180001a0f f   PhysXCommon_64:PhysXCommon_64.dll
 0001:00000a1b       validateConvexMesh         0000000180001a1b f   PhysXCommon_64:PhysXCommon_64.dll
 0001:00000a21       __imp_load_computeHullPolygons 0000000180001a21 f   PhysXCommon_64:PhysXCommon_64.dll
 0001:00000a2d       computeHullPolygons        0000000180001a2d f   PhysXCommon_64:PhysXCommon_64.dll
 0001:00000a33       __imp_load_validateTriangleMesh 0000000180001a33 f   PhysXCommon_64:PhysXCommon_64.dll
 0001:00000a3f       validateTriangleMesh       0000000180001a3f f   PhysXCommon_64:PhysXCommon_64.dll
 0001:00000a45       __imp_load_createTriangleMesh 0000000180001a45 f   PhysXCommon_64:PhysXCommon_64.dll
 0001:00000a51       createTriangleMesh         0000000180001a51 f   PhysXCommon_64:PhysXCommon_64.dll
 0001:00000a57       __imp_load_cookTriangleMesh 0000000180001a57 f   PhysXCommon_64:PhysXCommon_64.dll
 0001:00000a63       cookTriangleMesh           0000000180001a63 f   PhysXCommon_64:PhysXCommon_64.dll
 0001:00000a69       __imp_load_cookTetrahedronMesh 0000000180001a69 f   PhysXCommon_64:PhysXCommon_64.dll
 0001:00000a75       cookTetrahedronMesh        0000000180001a75 f   PhysXCommon_64:PhysXCommon_64.dll
 0001:00000a7b       __imp_load_createTetrahedronMesh 0000000180001a7b f   PhysXCommon_64:PhysXCommon_64.dll
 0001:00000a87       createTetrahedronMesh      0000000180001a87 f   PhysXCommon_64:PhysXCommon_64.dll
 0001:00000a8d       __imp_load_cookSoftBodyMesh 0000000180001a8d f   PhysXCommon_64:PhysXCommon_64.dll
 0001:00000a99       cookSoftBodyMesh           0000000180001a99 f   PhysXCommon_64:PhysXCommon_64.dll
 0001:00000a9f       __imp_load_createSoftBodyMesh 0000000180001a9f f   PhysXCommon_64:PhysXCommon_64.dll
 0001:00000aab       createSoftBodyMesh         0000000180001aab f   PhysXCommon_64:PhysXCommon_64.dll
 0001:00000ab1       __imp_load_computeModelsMapping 0000000180001ab1 f   PhysXCommon_64:PhysXCommon_64.dll
 0001:00000abd       computeModelsMapping       0000000180001abd f   PhysXCommon_64:PhysXCommon_64.dll
 0001:00000ac3       __imp_load_computeCollisionData 0000000180001ac3 f   PhysXCommon_64:PhysXCommon_64.dll
 0001:00000acf       computeCollisionData       0000000180001acf f   PhysXCommon_64:PhysXCommon_64.dll
 0001:00000ad5       __imp_load_computeSimulationData 0000000180001ad5 f   PhysXCommon_64:PhysXCommon_64.dll
 0001:00000ae1       computeSimulationData      0000000180001ae1 f   PhysXCommon_64:PhysXCommon_64.dll
 0001:00000ae7       __imp_load_assembleSoftBodyMesh 0000000180001ae7 f   PhysXCommon_64:PhysXCommon_64.dll
 0001:00000af3       assembleSoftBodyMesh       0000000180001af3 f   PhysXCommon_64:PhysXCommon_64.dll
 0001:00000af9       __imp_load_assembleSoftBodyMesh_Sim 0000000180001af9 f   PhysXCommon_64:PhysXCommon_64.dll
 0001:00000b05       assembleSoftBodyMesh_Sim   0000000180001b05 f   PhysXCommon_64:PhysXCommon_64.dll
 0001:00000b0b       __imp_load_?release@AABBTreeBounds@Gu@physx@@QEAAXXZ 0000000180001b0b f   PhysXCommon_64:PhysXCommon_64.dll
 0001:00000b17       ?release@AABBTreeBounds@Gu@physx@@QEAAXXZ 0000000180001b17 f   PhysXCommon_64:PhysXCommon_64.dll
 0001:00000b1d       __imp_load_??0BVH@Gu@physx@@QEAA@AEBUPxBVHInternalData@2@@Z 0000000180001b1d f   PhysXCommon_64:PhysXCommon_64.dll
 0001:00000b29       ??0BVH@Gu@physx@@QEAA@AEBUPxBVHInternalData@2@@Z 0000000180001b29 f   PhysXCommon_64:PhysXCommon_64.dll
 0001:00000b2f       __imp_load_??0BV4TriangleMesh@Gu@physx@@QEAA@AEBUPxTriangleMeshInternalData@2@@Z 0000000180001b2f f   PhysXCommon_64:PhysXCommon_64.dll
 0001:00000b3b       ??0BV4TriangleMesh@Gu@physx@@QEAA@AEBUPxTriangleMeshInternalData@2@@Z 0000000180001b3b f   PhysXCommon_64:PhysXCommon_64.dll
 0001:00000b41       __imp_load_PxGetBroadcastAllocator 0000000180001b41 f   PhysXFoundation_64:PhysXFoundation_64.dll
 0001:00000b4d       PxGetBroadcastAllocator    0000000180001b4d f   PhysXFoundation_64:PhysXFoundation_64.dll
 0001:00000b53       __tailMerge_physxfoundation_64_dll 0000000180001b53     PhysXFoundation_64:PhysXFoundation_64.dll
 0001:00000bcc       ?DloadAcquireSectionWriteAccess@@YAXXZ 0000000180001bcc f i Delayimp:delayhlp.obj
 0001:00000c78       ?DloadGetSRWLockFunctionPointers@@YAEXZ 0000000180001c78 f i Delayimp:delayhlp.obj
 0001:00000d18       ?DloadMakePermanentImageCommit@@YAXPEAX_K@Z 0000000180001d18 f i Delayimp:delayhlp.obj
 0001:00000db0       ?DloadObtainSection@@YAPEAXPEAK0@Z 0000000180001db0 f i Delayimp:delayhlp.obj
 0001:00000e4c       ?DloadProtectSection@@YAXKPEAK@Z 0000000180001e4c f i Delayimp:delayhlp.obj
 0001:00000edc       ?DloadReleaseSectionWriteAccess@@YAXXZ 0000000180001edc f i Delayimp:delayhlp.obj
 0001:00000f70       __delayLoadHelper2         0000000180001f70 f   Delayimp:delayhlp.obj
 0001:00001248       ??3@YAXPEAX@Z              0000000180002248 f   LIBCMT:delete_scalar.obj
 0001:00001250       ??3@YAXPEAX_K@Z            0000000180002250 f   LIBCMT:delete_scalar_size.obj
 0001:00001250       ??_V@YAXPEAX@Z             0000000180002250 f   LIBCMT:delete_array.obj
 0001:00001258       ??_V@YAXPEAX_K@Z           0000000180002258 f   LIBCMT:delete_array_size.obj
 0001:00001260       ??_Etype_info@@UEAAPEAXI@Z 0000000180002260 f i LIBCMT:std_type_info_static.obj
 0001:00001260       ??_Gtype_info@@UEAAPEAXI@Z 0000000180002260 f i LIBCMT:std_type_info_static.obj
 0001:0000128c       ?__scrt_initialize_type_info@@YAXXZ 000000018000228c f   LIBCMT:tncleanup.obj
 0001:0000129c       ?__scrt_uninitialize_type_info@@YAXXZ 000000018000229c f   LIBCMT:tncleanup.obj
 0001:000015c8       _DllMainCRTStartup         00000001800025c8 f   LIBCMT:dll_dllmain.obj
 0001:00001608       __security_init_cookie     0000000180002608 f   LIBCMT:gs_support.obj
 0001:000016b4       ?length@charNode@@UEBAHXZ  00000001800026b4 f   libvcruntime:undname.obj
 0001:000016b4       ?raw_length@charNode@@UEBAHXZ 00000001800026b4 f   libvcruntime:undname.obj
 0001:000016b4       DllMain                    00000001800026b4 f   LIBCMT:dll_dllmain_stub.obj
 0001:000016b4       _get_startup_argv_mode     00000001800026b4 f   LIBCMT:argv_mode.obj
 0001:000016bc       __local_stdio_printf_options 00000001800026bc f i LIBCMT:default_local_stdio_options.obj
 0001:000016c4       __local_stdio_scanf_options 00000001800026c4 f i LIBCMT:default_local_stdio_options.obj
 0001:000016cc       __scrt_initialize_default_local_stdio_options 00000001800026cc f   LIBCMT:default_local_stdio_options.obj
 0001:000016e8       __scrt_acquire_startup_lock 00000001800026e8 f   LIBCMT:utility.obj
 0001:00001724       __scrt_dllmain_after_initialize_c 0000000180002724 f   LIBCMT:utility.obj
 0001:00001758       __scrt_dllmain_before_initialize_c 0000000180002758 f   LIBCMT:utility.obj
 0001:00001770       __scrt_dllmain_crt_thread_attach 0000000180002770 f   LIBCMT:utility.obj
 0001:00001798       __scrt_dllmain_crt_thread_detach 0000000180002798 f   LIBCMT:utility.obj
 0001:000017b0       __scrt_dllmain_exception_filter 00000001800027b0 f   LIBCMT:utility.obj
 0001:00001810       __scrt_dllmain_uninitialize_c 0000000180002810 f   LIBCMT:utility.obj
 0001:00001840       __scrt_dllmain_uninitialize_critical 0000000180002840 f   LIBCMT:utility.obj
 0001:00001854       __scrt_initialize_crt      0000000180002854 f   LIBCMT:utility.obj
 0001:000018a0       __scrt_initialize_onexit_tables 00000001800028a0 f   LIBCMT:utility.obj
 0001:0000192c       __scrt_is_nonwritable_in_current_image 000000018000292c f   LIBCMT:utility.obj
 0001:000019c4       __scrt_release_startup_lock 00000001800029c4 f   LIBCMT:utility.obj
 0001:000019e8       __scrt_uninitialize_crt    00000001800029e8 f   LIBCMT:utility.obj
 0001:00001a14       __scrt_get_dyn_tls_init_callback 0000000180002a14 f   LIBCMT:dyn_tls_init.obj
 0001:00001a1c       __crt_debugger_hook        0000000180002a1c f   LIBCMT:utility_desktop.obj
 0001:00001a24       __scrt_fastfail            0000000180002a24 f   LIBCMT:utility_desktop.obj
 0001:00001b70       _RTC_Initialize            0000000180002b70 f   LIBCMT:initsect.obj
 0001:00001bac       _RTC_Terminate             0000000180002bac f   LIBCMT:initsect.obj
 0001:00001bf0       __isa_available_init       0000000180002bf0 f   LIBCMT:cpu_disp.obj
 0001:00001d9c       __scrt_is_ucrt_dll_in_use  0000000180002d9c f   LIBCMT:ucrt_detection.obj
 0001:00001da8       _get_purecall_handler      0000000180002da8 f   libvcruntime:purevirt.obj
 0001:00001db4       _purecall                  0000000180002db4 f   libvcruntime:purevirt.obj
 0001:00001dd8       __std_type_info_compare    0000000180002dd8 f   libvcruntime:std_type_info.obj
 0001:00001e00       __std_type_info_destroy_list 0000000180002e00 f   libvcruntime:std_type_info.obj
 0001:00001e2c       __std_type_info_name       0000000180002e2c f   libvcruntime:std_type_info.obj
 0001:00001f44       strstr                     0000000180002f44 f   libvcruntime:strstr.obj
 0001:0000213c       __C_specific_handler       000000018000313c f   libvcruntime:riscchandler.obj
 0001:00002334       __vcrt_initialize          0000000180003334 f   libvcruntime:initialization.obj
 0001:0000235c       __vcrt_thread_attach       000000018000335c f   libvcruntime:initialization.obj
 0001:00002370       __vcrt_thread_detach       0000000180003370 f   libvcruntime:initialization.obj
 0001:00002384       __vcrt_uninitialize        0000000180003384 f   libvcruntime:initialization.obj
 0001:000023a0       __vcrt_uninitialize_critical 00000001800033a0 f   libvcruntime:initialization.obj
 0001:000023b0       __DestructExceptionObject  00000001800033b0 f   libvcruntime:ehhelpers.obj
 0001:00002420       ?_CallMemberFunction0@@YAXQEAX0@Z 0000000180003420 f i libvcruntime:ehhelpers.obj
 0001:00002424       _IsExceptionObjectToBeDestroyed 0000000180003424 f   libvcruntime:ehhelpers.obj
 0001:00002454       __AdjustPointer            0000000180003454 f   libvcruntime:ehhelpers.obj
 0001:00002478       __FrameUnwindFilter        0000000180003478 f   libvcruntime:ehhelpers.obj
 0001:000024e0       __std_terminate            00000001800034e0 f   libvcruntime:ehhelpers.obj
 0001:00002500       memset_repstos             0000000180003500 f   libvcruntime:memset.obj
 0001:00002520       memset                     0000000180003520 f   libvcruntime:memset.obj
 0001:000028a8       ??$?0$00@DName@@QEAA@PEBDU?$StringLifeSelector@$00@@@Z 00000001800038a8 f i libvcruntime:undname.obj
 0001:000028e8       ??$?0$01@DName@@QEAA@PEBDU?$StringLifeSelector@$01@@@Z 00000001800038e8 f i libvcruntime:undname.obj
 0001:000028e8       ??$?0$0A@@DName@@QEAA@PEBDU?$StringLifeSelector@$0A@@@@Z 00000001800038e8 f i libvcruntime:undname.obj
 0001:00002928       ??$?0$01@pcharNode@@QEAA@PEBDHU?$StringLifeSelector@$01@@@Z 0000000180003928 f i libvcruntime:undname.obj
 0001:00002928       ??$?0$0A@@pcharNode@@QEAA@PEBDHU?$StringLifeSelector@$0A@@@@Z 0000000180003928 f i libvcruntime:undname.obj
 0001:0000299c       ??$append@VDNameNode@@@DName@@AEAAXPEBVDNameNode@@@Z 000000018000399c f i libvcruntime:undname.obj
 0001:0000299c       ??$append@VDNameStatusNode@@@DName@@AEAAXPEBVDNameStatusNode@@@Z 000000018000399c f i libvcruntime:undname.obj
 0001:0000299c       ??$append@VcharNode@@@DName@@AEAAXPEBVcharNode@@@Z 000000018000399c f i libvcruntime:undname.obj
 0001:0000299c       ??$append@VpcharNode@@@DName@@AEAAXPEBVpcharNode@@@Z 000000018000399c f i libvcruntime:undname.obj
 0001:00002a00       ??$doPchar@$00@DName@@AEAAXPEBDH@Z 0000000180003a00 f i libvcruntime:undname.obj
 0001:00002aa4       ??$doPchar@$01@DName@@AEAAXPEBDH@Z 0000000180003aa4 f i libvcruntime:undname.obj
 0001:00002aa4       ??$doPchar@$0A@@DName@@AEAAXPEBDH@Z 0000000180003aa4 f i libvcruntime:undname.obj
 0001:00002b3c       ??0DName@@QEAA@AEAPEBDD@Z  0000000180003b3c f   libvcruntime:undname.obj
 0001:00002bec       ??0DName@@QEAA@AEBUStringLiteral@@@Z 0000000180003bec f   libvcruntime:undname.obj
 0001:00002c18       ??0DName@@QEAA@PEAV0@@Z    0000000180003c18 f   libvcruntime:undname.obj
 0001:00002c9c       ??0DName@@QEAA@_J@Z        0000000180003c9c f   libvcruntime:undname.obj
 0001:00002d44       ??0DName@@QEAA@_K@Z        0000000180003d44 f   libvcruntime:undname.obj
 0001:00002dd4       ??2@YAPEAX_KAEAV_HeapManager@@H@Z 0000000180003dd4 f   libvcruntime:undname.obj
 0001:00002e00       ??4DName@@QEAAAEAV0@W4DNameStatus@@@Z 0000000180003e00 f   libvcruntime:undname.obj
 0001:00002e30       ??AReplicator@@QEBA?AVDName@@H@Z 0000000180003e30 f   libvcruntime:undname.obj
 0001:00002e70       ??HDName@@QEBA?AV0@AEBUStringLiteral@@@Z 0000000180003e70 f   libvcruntime:undname.obj
 0001:00002e9c       ??HDName@@QEBA?AV0@AEBV0@@Z 0000000180003e9c f   libvcruntime:undname.obj
 0001:00002ec8       ??HDName@@QEBA?AV0@D@Z     0000000180003ec8 f   libvcruntime:undname.obj
 0001:00002ef4       ??HDName@@QEBA?AV0@W4DNameStatus@@@Z 0000000180003ef4 f   libvcruntime:undname.obj
 0001:00002f20       ??YDName@@QEAAAEAV0@AEBUStringLiteral@@@Z 0000000180003f20 f   libvcruntime:undname.obj
 0001:00002fa0       ??YDName@@QEAAAEAV0@AEBV0@@Z 0000000180003fa0 f   libvcruntime:undname.obj
 0001:00002ff8       ??YDName@@QEAAAEAV0@D@Z    0000000180003ff8 f   libvcruntime:undname.obj
 0001:00003064       ??YDName@@QEAAAEAV0@W4DNameStatus@@@Z 0000000180004064 f   libvcruntime:undname.obj
 0001:000030bc       ??YReplicator@@QEAAAEAV0@AEBVDName@@@Z 00000001800040bc f   libvcruntime:undname.obj
 0001:00003114       ?UScore@UnDecorator@@SA?AUStringLiteral@@W4Tokens@@@Z 0000000180004114 f   libvcruntime:undname.obj
 0001:00003160       ?composeDeclaration@UnDecorator@@CA?AVDName@@AEBV2@@Z 0000000180004160 f i libvcruntime:undname.obj
 0001:00004054       ?doPchar@DName@@AEAAXD@Z   0000000180005054 f   libvcruntime:undname.obj
 0001:000040a4       ?getAddressOf@UnDecorator@@CA?AVDName@@XZ 00000001800050a4 f   libvcruntime:undname.obj
 0001:00004134       ?getArgumentList@UnDecorator@@CA?AVDName@@XZ 0000000180005134 f   libvcruntime:undname.obj
 0001:000042e8       ?getArgumentTypes@UnDecorator@@CA?AVDName@@XZ 00000001800052e8 f   libvcruntime:undname.obj
 0001:00004434       ?getArrayAccess@UnDecorator@@CA?AVDName@@XZ 0000000180005434 f   libvcruntime:undname.obj
 0001:000044d0       ?getArrayObject@UnDecorator@@CA?AVDName@@XZ 00000001800054d0 f   libvcruntime:undname.obj
 0001:0000458c       ?getArrayType@UnDecorator@@CA?AVDName@@AEBV2@@Z 000000018000558c f i libvcruntime:undname.obj
 0001:000047f8       ?getBasedType@UnDecorator@@CA?AVDName@@XZ 00000001800057f8 f   libvcruntime:undname.obj
 0001:000048f0       ?getBasicDataType@UnDecorator@@CA?AVDName@@AEBV2@@Z 00000001800058f0 f   libvcruntime:undname.obj
 0001:00004ef4       ?getCallingConvention@UnDecorator@@CA?AVDName@@XZ 0000000180005ef4 f   libvcruntime:undname.obj
 0001:0000502c       ?getDataIndirectType@UnDecorator@@CA?AVDName@@AEBV2@W4IndirectionKind@@0H@Z 000000018000602c f   libvcruntime:undname.obj
 0001:00005950       ?getDataType@UnDecorator@@CA?AVDName@@PEAV2@@Z 0000000180006950 f   libvcruntime:undname.obj
 0001:00005a64       ?getDecoratedName@UnDecorator@@CA?AVDName@@XZ 0000000180006a64 f   libvcruntime:undname.obj
 0001:00005d4c       ?getDimension@UnDecorator@@CA?AVDName@@_N@Z 0000000180006d4c f   libvcruntime:undname.obj
 0001:00005e94       ?getDispatchTarget@UnDecorator@@CA?AVDName@@XZ 0000000180006e94 f   libvcruntime:undname.obj
 0001:00005ef4       ?getECSUDataType@UnDecorator@@CA?AVDName@@XZ 0000000180006ef4 f   libvcruntime:undname.obj
 0001:000060f0       ?getEnumType@UnDecorator@@CA?AVDName@@XZ 00000001800070f0 f i libvcruntime:undname.obj
 0001:00006220       ?getExtendedDataIndirectType@UnDecorator@@CA?AVDName@@AEAW4IndirectionKind@@AEA_NH@Z 0000000180007220 f   libvcruntime:undname.obj
 0001:00006424       ?getExternalDataType@UnDecorator@@CA?AVDName@@AEBV2@@Z 0000000180007424 f i libvcruntime:undname.obj
 0001:000064e4       ?getFloatingPoint@UnDecorator@@CA?AVDName@@H@Z 00000001800074e4 f   libvcruntime:undname.obj
 0001:0000664c       ?getFunctionIndirectType@UnDecorator@@CA?AVDName@@AEBV2@@Z 000000018000764c f   libvcruntime:undname.obj
 0001:00006b80       ?getLastChar@DNameStatusNode@@UEBADXZ 0000000180007b80 f i libvcruntime:undname.obj
 0001:00006b8c       ?getLastChar@charNode@@UEBADXZ 0000000180007b8c f i libvcruntime:undname.obj
 0001:00006b90       ?getLastChar@pDNameNode@@UEBADXZ 0000000180007b90 f i libvcruntime:undname.obj
 0001:00006bbc       ?getLastChar@pairNode@@UEBADXZ 0000000180007bbc f i libvcruntime:undname.obj
 0001:00006bf4       ?getLastChar@pcharNode@@UEBADXZ 0000000180007bf4 f i libvcruntime:undname.obj
 0001:00006c08       ?getLexicalFrame@UnDecorator@@CA?AVDName@@XZ 0000000180007c08 f i libvcruntime:undname.obj
 0001:00006c6c       ?getMemberAccess@UnDecorator@@CA?AVDName@@XZ 0000000180007c6c f   libvcruntime:undname.obj
 0001:00006d00       ?getMemoryWithBuffer@_HeapManager@@QEAAPEAX_K@Z 0000000180007d00 f   libvcruntime:undname.obj
 0001:00006d90       ?getNoexcept@UnDecorator@@CA?AVDName@@XZ 0000000180007d90 f   libvcruntime:undname.obj
 0001:00006df4       ?getNumberOfDimensions@UnDecorator@@CAHXZ 0000000180007df4 f   libvcruntime:undname.obj
 0001:00006e5c       ?getOperatorName@UnDecorator@@CA?AVDName@@_NPEA_N@Z 0000000180007e5c f i libvcruntime:undname.obj
 0001:0000780c       ?getPointerToMember@UnDecorator@@CA?AVDName@@XZ 000000018000880c f   libvcruntime:undname.obj
 0001:00007904       ?getPrimaryDataType@UnDecorator@@CA?AVDName@@AEBV2@@Z 0000000180008904 f   libvcruntime:undname.obj
 0001:00007bbc       ?getPtrRefDataType@UnDecorator@@CA?AVDName@@AEBV2@H@Z 0000000180008bbc f   libvcruntime:undname.obj
 0001:00007d88       ?getPtrRefType@UnDecorator@@CA?AVDName@@AEBV2@0W4IndirectionKind@@@Z 0000000180008d88 f   libvcruntime:undname.obj
 0001:00007f60       ?getRestrictionSpec@UnDecorator@@CA?AVDName@@XZ 0000000180008f60 f   libvcruntime:undname.obj
 0001:0000813c       ?getReturnType@UnDecorator@@CA?AVDName@@PEAV2@@Z 000000018000913c f   libvcruntime:undname.obj
 0001:00008170       ?getScope@UnDecorator@@CA?AVDName@@XZ 0000000180009170 f   libvcruntime:undname.obj
 0001:00008628       ?getScopedName@UnDecorator@@CA?AVDName@@XZ 0000000180009628 f   libvcruntime:undname.obj
 0001:00008768       ?getSignedDimension@UnDecorator@@CA?AVDName@@XZ 0000000180009768 f   libvcruntime:undname.obj
 0001:000087f0       ?getString@DNameStatusNode@@UEBAPEADPEAD0@Z 00000001800097f0 f i libvcruntime:undname.obj
 0001:00008838       ?getString@charNode@@UEBAPEADPEAD0@Z 0000000180009838 f i libvcruntime:undname.obj
 0001:0000884c       ?getString@pDNameNode@@UEBAPEADPEAD0@Z 000000018000984c f i libvcruntime:undname.obj
 0001:0000887c       ?getString@pairNode@@UEBAPEADPEAD0@Z 000000018000987c f i libvcruntime:undname.obj
 0001:000088c8       ?getString@pcharNode@@UEBAPEADPEAD0@Z 00000001800098c8 f i libvcruntime:undname.obj
 0001:00008900       ?getStringEncoding@UnDecorator@@CA?AVDName@@W4PrefixKind@@H@Z 0000000180009900 f   libvcruntime:undname.obj
 0001:00008a10       ?getStringObject@UnDecorator@@CA?AVDName@@XZ 0000000180009a10 f   libvcruntime:undname.obj
 0001:00008a78       ?getSymbolName@UnDecorator@@CA?AVDName@@XZ 0000000180009a78 f i libvcruntime:undname.obj
 0001:00008ac4       ?getTemplateArgumentList@UnDecorator@@CA?AVDName@@XZ 0000000180009ac4 f   libvcruntime:undname.obj
 0001:00008ce0       ?getTemplateName@UnDecorator@@CA?AVDName@@_N@Z 0000000180009ce0 f   libvcruntime:undname.obj
 0001:00008f74       ?getTemplateNonTypeArgument@UnDecorator@@CA?AVDName@@XZ 0000000180009f74 f   libvcruntime:undname.obj
 0001:000094c4       ?getTemplateTypeArgument@UnDecorator@@CA?AVDName@@XZ 000000018000a4c4 f   libvcruntime:undname.obj
 0001:0000962c       ?getThrowTypes@UnDecorator@@CA?AVDName@@XZ 000000018000a62c f   libvcruntime:undname.obj
 0001:00009650       ?getTypeEncoding@UnDecorator@@CAHXZ 000000018000a650 f i libvcruntime:undname.obj
 0001:00009a0c       ?getUndecoratedName@UnDecorator@@QEAAPEADPEADH@Z 000000018000aa0c f i libvcruntime:undname.obj
 0001:00009b60       ?getUnionObject@UnDecorator@@CA?AVDName@@XZ 000000018000ab60 f   libvcruntime:undname.obj
 0001:00009c38       ?getVCallThunkType@UnDecorator@@CA?AVDName@@XZ 000000018000ac38 f i libvcruntime:undname.obj
 0001:00009cb0       ?getValue@UnDecorator@@CA?AV?$optional@_K@std@@XZ 000000018000acb0 f   libvcruntime:undname.obj
 0001:00009d00       ?getValueObject@UnDecorator@@CA?AVDName@@XZ 000000018000ad00 f   libvcruntime:undname.obj
 0001:00009e40       ?getVdispMapType@UnDecorator@@CA?AVDName@@AEBV2@@Z 000000018000ae40 f i libvcruntime:undname.obj
 0001:00009ebc       ?getVfTableType@UnDecorator@@CA?AVDName@@AEBV2@@Z 000000018000aebc f i libvcruntime:undname.obj
 0001:0000a0c8       ?getZName@UnDecorator@@CA?AVDName@@_N0@Z 000000018000b0c8 f   libvcruntime:undname.obj
 0001:0000a39c       ?length@DNameStatusNode@@UEBAHXZ 000000018000b39c f i libvcruntime:undname.obj
 0001:0000a39c       ?raw_length@DNameStatusNode@@UEBAHXZ 000000018000b39c f i libvcruntime:undname.obj
 0001:0000a3a0       ?length@pDNameNode@@UEBAHXZ 000000018000b3a0 f i libvcruntime:undname.obj
 0001:0000a3c8       ?length@pairNode@@UEBAHXZ  000000018000b3c8 f i libvcruntime:undname.obj
 0001:0000a410       ?length@pcharNode@@UEBAHXZ 000000018000b410 f i libvcruntime:undname.obj
 0001:0000a410       ?raw_length@pcharNode@@UEBAHXZ 000000018000b410 f i libvcruntime:undname.obj
 0001:0000a414       ?parseDecoratedName@UnDecorator@@CA?AVDName@@XZ 000000018000b414 f   libvcruntime:undname.obj
 0001:0000a52c       ?raw_length@pDNameNode@@UEBAHXZ 000000018000b52c f i libvcruntime:undname.obj
 0001:0000a530       ?raw_length@pairNode@@UEBAHXZ 000000018000b530 f i libvcruntime:undname.obj
 0001:0000a534       __unDName                  000000018000b534 f   libvcruntime:undname.obj
 0001:0000a55c       __unDNameEx                000000018000b55c f   libvcruntime:undname.obj
 0001:0000a690       snprintf                   000000018000b690 f i libvcruntime:undname.obj
 0001:0000a6e8       sprintf_s                  000000018000b6e8 f i libvcruntime:undname.obj
 0001:0000a750       _NLG_Notify                000000018000b750 f   libvcruntime:notify.obj
 0001:0000a770       __NLG_Dispatch2            000000018000b770 f   libvcruntime:notify.obj
 0001:0000a780       __NLG_Return2              000000018000b780 f   libvcruntime:notify.obj
 0001:0000a784       __except_validate_context_record 000000018000b784 f   libvcruntime:jbcxrval.obj
 0001:0000a7d0       memcpy_repmovs             000000018000b7d0 f   libvcruntime:memcpy.obj
 0001:0000a7f0       memcpy                     000000018000b7f0 f   libvcruntime:memcpy.obj
 0001:0000a7f0       memmove                    000000018000b7f0 f   libvcruntime:memcpy.obj
 0001:0000ae68       __vcrt_freefls             000000018000be68 f   libvcruntime:per_thread_data.obj
 0001:0000ae88       __vcrt_freeptd             000000018000be88 f   libvcruntime:per_thread_data.obj
 0001:0000aed8       __vcrt_getptd              000000018000bed8 f   libvcruntime:per_thread_data.obj
 0001:0000aef4       __vcrt_getptd_noexit       000000018000bef4 f   libvcruntime:per_thread_data.obj
 0001:0000afb4       __vcrt_initialize_ptd      000000018000bfb4 f   libvcruntime:per_thread_data.obj
 0001:0000affc       __vcrt_uninitialize_ptd    000000018000bffc f   libvcruntime:per_thread_data.obj
 0001:0000b020       __vcrt_initialize_locks    000000018000c020 f   libvcruntime:locks.obj
 0001:0000b068       __vcrt_lock                000000018000c068 f   libvcruntime:locks.obj
 0001:0000b084       __vcrt_uninitialize_locks  000000018000c084 f   libvcruntime:locks.obj
 0001:0000b0bc       __vcrt_unlock              000000018000c0bc f   libvcruntime:locks.obj
 0001:0000b0d8       ??$_CallSETranslator@V__FrameHandler3@@@@YAHPEAUEHExceptionRecord@@PEA_KPEAU_CONTEXT@@PEAU_xDISPATCHER_CONTEXT@@PEBU_s_FuncInfo@@K1H@Z 000000018000c0d8 f i libvcruntime:risctrnsctrl.obj
 0001:0000b12c       ??$_CallSETranslator@V__FrameHandler4@@@@YAHPEAUEHExceptionRecord@@PEA_KPEAU_CONTEXT@@PEAU_xDISPATCHER_CONTEXT@@PEAUFuncInfo4@FH4@@K1H@Z 000000018000c12c f i libvcruntime:risctrnsctrl.obj
 0001:0000b180       ?CatchTryBlock@__FrameHandler3@@SAPEBU_s_TryBlockMapEntry@@PEBU_s_FuncInfo@@H@Z 000000018000c180 f   libvcruntime:risctrnsctrl.obj
 0001:0000b1e4       ?DecompFuncInfo@FH4@@YA_JPEAEAEAUFuncInfo4@1@_KH_N@Z 000000018000c1e4 f i libvcruntime:risctrnsctrl.obj
 0001:0000b318       ?ExecutionInCatch@__FrameHandler3@@SA_NPEAU_xDISPATCHER_CONTEXT@@PEBU_s_FuncInfo@@@Z 000000018000c318 f   libvcruntime:risctrnsctrl.obj
 0001:0000b344       ?ExecutionInCatch@__FrameHandler4@@SA_NPEAU_xDISPATCHER_CONTEXT@@PEAUFuncInfo4@FH4@@@Z 000000018000c344 f   libvcruntime:risctrnsctrl.obj
 0001:0000b34c       ?FrameUnwindToEmptyState@__FrameHandler3@@SAXPEA_KPEAU_xDISPATCHER_CONTEXT@@PEBU_s_FuncInfo@@@Z 000000018000c34c f   libvcruntime:risctrnsctrl.obj
 0001:0000b3b0       ?FrameUnwindToEmptyState@__FrameHandler4@@SAXPEA_KPEAU_xDISPATCHER_CONTEXT@@PEAUFuncInfo4@FH4@@@Z 000000018000c3b0 f   libvcruntime:risctrnsctrl.obj
 0001:0000b3e4       ?GetEstablisherFrame@__FrameHandler3@@SAPEA_KPEA_KPEAU_xDISPATCHER_CONTEXT@@PEBU_s_FuncInfo@@0@Z 000000018000c3e4 f   libvcruntime:risctrnsctrl.obj
 0001:0000b4b0       ?GetEstablisherFrame@__FrameHandler4@@SAPEA_KPEA_KPEAU_xDISPATCHER_CONTEXT@@PEAUFuncInfo4@FH4@@0@Z 000000018000c4b0 f   libvcruntime:risctrnsctrl.obj
 0001:0000b4d4       ?GetRangeOfTrysToCheck@__FrameHandler3@@SA?AU?$pair@Viterator@TryBlockMap@__FrameHandler3@@V123@@std@@AEAVTryBlockMap@1@HPEAU_xDISPATCHER_CONTEXT@@PEBU_s_FuncInfo@@H@Z 000000018000c4d4 f   libvcruntime:risctrnsctrl.obj
 0001:0000b614       ?GetRangeOfTrysToCheck@__FrameHandler4@@SA?AU?$pair@Viterator@TryBlockMap4@FH4@@V123@@std@@AEAVTryBlockMap4@FH4@@HPEAU_xDISPATCHER_CONTEXT@@PEAUFuncInfo4@5@H@Z 000000018000c614 f   libvcruntime:risctrnsctrl.obj
 0001:0000b780       ?UnwindNestedFrames@__FrameHandler3@@SAXPEA_KPEAUEHExceptionRecord@@PEAU_CONTEXT@@0PEAXPEBU_s_FuncInfo@@HHPEBU_s_HandlerType@@PEAU_xDISPATCHER_CONTEXT@@E@Z 000000018000c780 f   libvcruntime:risctrnsctrl.obj
 0001:0000b884       ?UnwindNestedFrames@__FrameHandler4@@SAXPEA_KPEAUEHExceptionRecord@@PEAU_CONTEXT@@0PEAXPEAUFuncInfo4@FH4@@HHPEAUHandlerType4@5@PEAU_xDISPATCHER_CONTEXT@@E@Z 000000018000c884 f   libvcruntime:risctrnsctrl.obj
 0001:0000b9a4       ?setBuffer@TryBlockMap4@FH4@@QEAAXViterator@12@@Z 000000018000c9a4 f i libvcruntime:risctrnsctrl.obj
 0001:0000bb68       _CreateFrameInfo           000000018000cb68 f   libvcruntime:risctrnsctrl.obj
 0001:0000bba4       _FindAndUnlinkFrame        000000018000cba4 f   libvcruntime:risctrnsctrl.obj
 0001:0000bbf8       _GetImageBase              000000018000cbf8 f   libvcruntime:risctrnsctrl.obj
 0001:0000bc0c       _GetThrowImageBase         000000018000cc0c f   libvcruntime:risctrnsctrl.obj
 0001:0000bc20       _SetImageBase              000000018000cc20 f   libvcruntime:risctrnsctrl.obj
 0001:0000bc38       _SetThrowImageBase         000000018000cc38 f   libvcruntime:risctrnsctrl.obj
 0001:0000bc50       __CxxFrameHandler3         000000018000cc50 f   libvcruntime:risctrnsctrl.obj
 0001:0000bcd8       __CxxFrameHandler4         000000018000ccd8 f   libvcruntime:risctrnsctrl.obj
 0001:0000bee8       __vcrt_FlsAlloc            000000018000cee8 f   libvcruntime:winapi_downlevel.obj
 0001:0000bf30       __vcrt_FlsFree             000000018000cf30 f   libvcruntime:winapi_downlevel.obj
 0001:0000bf78       __vcrt_FlsGetValue         000000018000cf78 f   libvcruntime:winapi_downlevel.obj
 0001:0000bfc0       __vcrt_FlsSetValue         000000018000cfc0 f   libvcruntime:winapi_downlevel.obj
 0001:0000c014       __vcrt_InitializeCriticalSectionEx 000000018000d014 f   libvcruntime:winapi_downlevel.obj
 0001:0000c078       ?GetCurrentState@__FrameHandler3@@SAHPEA_KPEAU_xDISPATCHER_CONTEXT@@PEBU_s_FuncInfo@@@Z 000000018000d078 f   libvcruntime:ehstate.obj
 0001:0000c0a0       ?GetUnwindTryBlock@__FrameHandler3@@SAHPEA_KPEAU_xDISPATCHER_CONTEXT@@PEBU_s_FuncInfo@@@Z 000000018000d0a0 f   libvcruntime:ehstate.obj
 0001:0000c0cc       ?SetState@__FrameHandler3@@SAXPEA_KPEBU_s_FuncInfo@@H@Z 000000018000d0cc f   libvcruntime:ehstate.obj
 0001:0000c0d8       ?SetUnwindTryBlock@__FrameHandler3@@SAXPEA_KPEAU_xDISPATCHER_CONTEXT@@PEBU_s_FuncInfo@@H@Z 000000018000d0d8 f   libvcruntime:ehstate.obj
 0001:0000c114       ?StateFromControlPc@__FrameHandler3@@SAHPEBU_s_FuncInfo@@PEAU_xDISPATCHER_CONTEXT@@@Z 000000018000d114 f   libvcruntime:ehstate.obj
 0001:0000c11c       ?StateFromControlPc@__FrameHandler4@@SAHPEAUFuncInfo4@FH4@@PEAU_xDISPATCHER_CONTEXT@@@Z 000000018000d11c f   libvcruntime:ehstate.obj
 0001:0000c124       ?StateFromIp@__FrameHandler3@@SAHPEBU_s_FuncInfo@@PEAU_xDISPATCHER_CONTEXT@@_K@Z 000000018000d124 f   libvcruntime:ehstate.obj
 0001:0000c18c       ?StateFromIp@__FrameHandler4@@SAHPEAUFuncInfo4@FH4@@PEAU_xDISPATCHER_CONTEXT@@_K@Z 000000018000d18c f   libvcruntime:ehstate.obj
 0001:0000d88c       ??$TypeMatchHelper@V__FrameHandler3@@@@YAHPEBU_s_HandlerType@@PEBU_s_CatchableType@@PEBU_s_ThrowInfo@@@Z 000000018000e88c f i libvcruntime:frame.obj
 0001:0000d9cc       ??$TypeMatchHelper@V__FrameHandler4@@@@YAHPEAUHandlerType4@FH4@@PEBU_s_CatchableType@@PEBU_s_ThrowInfo@@@Z 000000018000e9cc f i libvcruntime:frame.obj
 0001:0000db10       ??$__InternalCxxFrameHandler@V__FrameHandler3@@@@YA?AW4_EXCEPTION_DISPOSITION@@PEAUEHExceptionRecord@@PEA_KPEAU_CONTEXT@@PEAU_xDISPATCHER_CONTEXT@@PEBU_s_FuncInfo@@H1E@Z 000000018000eb10 f i libvcruntime:frame.obj
 0001:0000dd48       ??$__InternalCxxFrameHandler@V__FrameHandler4@@@@YA?AW4_EXCEPTION_DISPOSITION@@PEAUEHExceptionRecord@@PEA_KPEAU_CONTEXT@@PEAU_xDISPATCHER_CONTEXT@@PEAUFuncInfo4@FH4@@H1E@Z 000000018000ed48 f i libvcruntime:frame.obj
 0001:0000dfdc       ??$__InternalCxxFrameHandlerWrapper@V__FrameHandler3@@@@YA?AW4_EXCEPTION_DISPOSITION@@PEAUEHExceptionRecord@@PEA_KPEAU_CONTEXT@@PEAU_xDISPATCHER_CONTEXT@@PEBU_s_FuncInfo@@H1E@Z 000000018000efdc f i libvcruntime:frame.obj
 0001:0000dfe4       ??$__InternalCxxFrameHandlerWrapper@V__FrameHandler4@@@@YA?AW4_EXCEPTION_DISPOSITION@@PEAUEHExceptionRecord@@PEA_KPEAU_CONTEXT@@PEAU_xDISPATCHER_CONTEXT@@PEAUFuncInfo4@FH4@@H1E@Z 000000018000efe4 f i libvcruntime:frame.obj
 0001:0000e040       ??0HandlerMap4@FH4@@QEAA@PEBUTryBlockMapEntry4@1@_KH@Z 000000018000f040 f i libvcruntime:frame.obj
 0001:0000e0bc       ??0TryBlockMap4@FH4@@QEAA@PEBUFuncInfo4@1@_K@Z 000000018000f0bc f i libvcruntime:frame.obj
 0001:0000e194       ??0bad_exception@std@@QEAA@AEBV01@@Z 000000018000f194 f i libvcruntime:frame.obj
 0001:0000e1d0       ??0bad_exception@std@@QEAA@XZ 000000018000f1d0 f i libvcruntime:frame.obj
 0001:0000e1f0       ??0exception@std@@QEAA@AEBV01@@Z 000000018000f1f0 f i libvcruntime:frame.obj
 0001:0000e224       ??1bad_exception@std@@UEAA@XZ 000000018000f224 f i libvcruntime:frame.obj
 0001:0000e238       ??_Ebad_exception@std@@UEAAPEAXI@Z 000000018000f238 f i libvcruntime:frame.obj
 0001:0000e238       ??_Eexception@std@@UEAAPEAXI@Z 000000018000f238 f i libvcruntime:frame.obj
 0001:0000e238       ??_Gbad_exception@std@@UEAAPEAXI@Z 000000018000f238 f i libvcruntime:frame.obj
 0001:0000e238       ??_Gexception@std@@UEAAPEAXI@Z 000000018000f238 f i libvcruntime:frame.obj
 0001:0000e27c       ?CxxCallCatchBlock@__FrameHandler3@@SAPEAXPEAU_EXCEPTION_RECORD@@@Z 000000018000f27c f   libvcruntime:frame.obj
 0001:0000e468       ?CxxCallCatchBlock@__FrameHandler4@@SAPEAXPEAU_EXCEPTION_RECORD@@@Z 000000018000f468 f   libvcruntime:frame.obj
 0001:0000e6b8       ?DecompHandler@HandlerMap4@FH4@@AEAAXXZ 000000018000f6b8 f i libvcruntime:frame.obj
 0001:0000e904       ?FrameUnwindToState@__FrameHandler3@@SAXPEA_KPEAU_xDISPATCHER_CONTEXT@@PEBU_s_FuncInfo@@H@Z 000000018000f904 f   libvcruntime:frame.obj
 0001:0000ea90       ?FrameUnwindToState@__FrameHandler4@@SAXPEA_KPEAU_xDISPATCHER_CONTEXT@@PEAUFuncInfo4@FH4@@H@Z 000000018000fa90 f   libvcruntime:frame.obj
 0001:0000ed8c       ?GetHandlerSearchState@__FrameHandler3@@SAHPEA_KPEAU_xDISPATCHER_CONTEXT@@PEBU_s_FuncInfo@@@Z 000000018000fd8c f i libvcruntime:frame.obj
 0001:0000ef9c       ?ReadEntry@UWMap4@FH4@@AEAAXPEAPEAE@Z 000000018000ff9c f i libvcruntime:frame.obj
 0001:0000f038       ?_CallMemberFunction1@@YAXQEAX00@Z 0000000180010038 f i libvcruntime:frame.obj
 0001:0000f044       ?_CallMemberFunction2@@YAXQEAX00H@Z 0000000180010044 f i libvcruntime:frame.obj
 0001:0000f054       ?getStartStop@UWMap4@FH4@@QEAAXHHAEAViterator@12@0@Z 0000000180010054 f i libvcruntime:frame.obj
 0001:0000f124       ?getStateFromIterators@UWMap4@FH4@@SAHAEBViterator@12@H0H0@Z 0000000180010124 f i libvcruntime:frame.obj
 0001:0000f1d4       ?what@exception@std@@UEBAPEBDXZ 00000001800101d4 f i libvcruntime:frame.obj
 0001:0000f200       _CallSettingFrame          0000000180010200 f   libvcruntime:handlers.obj
 0001:0000f250       _CallSettingFrame_LookupContinuationIndex 0000000180010250 f   libvcruntime:handlers.obj
 0001:0000f280       _CallSettingFrame_NotifyContinuationAddr 0000000180010280 f   libvcruntime:handlers.obj
 0001:0000f2b0       _CallSettingFrameEncoded   00000001800102b0 f   libvcruntime:handlers.obj
 0001:0000f2f8       __std_exception_copy       00000001800102f8 f   libvcruntime:std_exception.obj
 0001:0000f388       __std_exception_destroy    0000000180010388 f   libvcruntime:std_exception.obj
 0001:0000f3b0       _CxxThrowException         00000001800103b0 f   libvcruntime:throw.obj
 0001:0000f450       _local_unwind              0000000180010450 f   libvcruntime:jmpuwind.obj
 0001:0000f47c       free                       000000018001047c f   libucrt:free.obj
 0001:0000f490       _initterm                  0000000180010490 f   libucrt:initterm.obj
 0001:0000f4d4       _initterm_e                00000001800104d4 f   libucrt:initterm.obj
 0001:0000f51c       _seh_filter_dll            000000018001051c f   libucrt:exception_filter.obj
 0001:0000f530       _seh_filter_exe            0000000180010530 f   libucrt:exception_filter.obj
 0001:0000f948       __acrt_initialize_thread_local_exit_callback 0000000180010948 f   libucrt:exit.obj
 0001:0000f950       _cexit                     0000000180010950 f   libucrt:exit.obj
 0001:0000f960       _exit                      0000000180010960 f   libucrt:exit.obj
 0001:0000f96c       _is_c_termination_complete 000000018001096c f   libucrt:exit.obj
 0001:0000fb3c       __acrt_allocate_buffer_for_argv 0000000180010b3c f   libucrt:argv_parsing.obj
 0001:0000fb9c       _configure_narrow_argv     0000000180010b9c f   libucrt:argv_parsing.obj
 0001:0000ff24       __dcrt_uninitialize_environments_nolock 0000000180010f24 f   libucrt:environment_initialization.obj
 0001:0000ff68       _initialize_narrow_environment 0000000180010f68 f   libucrt:environment_initialization.obj
 0001:000100cc       _execute_onexit_table      00000001800110cc f   libucrt:onexit.obj
 0001:00010110       _initialize_onexit_table   0000000180011110 f   libucrt:onexit.obj
 0001:00010170       __acrt_uninitialize_command_line 0000000180011170 f   libucrt:argv_data.obj
 0001:00010268       __acrt_initialize          0000000180011268 f   libucrt:initialization.obj
 0001:0001027c       __acrt_thread_attach       000000018001127c f   libucrt:initialization.obj
 0001:00010290       __acrt_thread_detach       0000000180011290 f   libucrt:initialization.obj
 0001:000102a0       __acrt_uninitialize        00000001800112a0 f   libucrt:initialization.obj
 0001:000102d8       __acrt_uninitialize_critical 00000001800112d8 f   libucrt:initialization.obj
 0001:000102e8       terminate                  00000001800112e8 f   libucrt:terminate.obj
 0001:00010314       abort                      0000000180011314 f   libucrt:abort.obj
 0001:0001036c       malloc                     000000018001136c f   libucrt:malloc.obj
 0001:00010374       strcpy_s                   0000000180011374 f   libucrt:strcpy_s.obj
 0001:00010584       ??$ensure_buffer_is_big_enough@D@formatting_buffer@__crt_stdio_output@@QEAA_N_KAEAV__crt_cached_ptd_host@@@Z 0000000180011584 f i libucrt:output.obj
 0001:0001062c       ??$parse_integer@KV?$c_string_character_source@D@__crt_strtox@@$0A@@__crt_strtox@@YAKAEAV__crt_cached_ptd_host@@V?$c_string_character_source@D@0@H_N@Z 000000018001162c f i libucrt:output.obj
 0001:000108e0       ??$type_case_integer@$07@?$output_processor@DV?$string_output_adapter@D@__crt_stdio_output@@V?$format_validation_base@DV?$string_output_adapter@D@__crt_stdio_output@@@2@@__crt_stdio_output@@AEAA_N_N@Z 00000001800118e0 f i libucrt:output.obj
 0001:000108e0       ??$type_case_integer@$07@?$output_processor@DV?$string_output_adapter@D@__crt_stdio_output@@V?$standard_base@DV?$string_output_adapter@D@__crt_stdio_output@@@2@@__crt_stdio_output@@AEAA_N_N@Z 00000001800118e0 f i libucrt:output.obj
 0001:00010ae4       ??$type_case_integer@$09@?$output_processor@DV?$string_output_adapter@D@__crt_stdio_output@@V?$format_validation_base@DV?$string_output_adapter@D@__crt_stdio_output@@@2@@__crt_stdio_output@@AEAA_N_N@Z 0000000180011ae4 f i libucrt:output.obj
 0001:00010ae4       ??$type_case_integer@$09@?$output_processor@DV?$string_output_adapter@D@__crt_stdio_output@@V?$standard_base@DV?$string_output_adapter@D@__crt_stdio_output@@@2@@__crt_stdio_output@@AEAA_N_N@Z 0000000180011ae4 f i libucrt:output.obj
 0001:00010ce8       ??$type_case_integer@$0BA@@?$output_processor@DV?$string_output_adapter@D@__crt_stdio_output@@V?$format_validation_base@DV?$string_output_adapter@D@__crt_stdio_output@@@2@@__crt_stdio_output@@AEAA_N_N@Z 0000000180011ce8 f i libucrt:output.obj
 0001:00010ce8       ??$type_case_integer@$0BA@@?$output_processor@DV?$string_output_adapter@D@__crt_stdio_output@@V?$standard_base@DV?$string_output_adapter@D@__crt_stdio_output@@@2@@__crt_stdio_output@@AEAA_N_N@Z 0000000180011ce8 f i libucrt:output.obj
 0001:00010eec       ??$type_case_integer_parse_into_buffer@I$07@?$output_processor@DV?$string_output_adapter@D@__crt_stdio_output@@V?$format_validation_base@DV?$string_output_adapter@D@__crt_stdio_output@@@2@@__crt_stdio_output@@AEAAXI_N@Z 0000000180011eec f i libucrt:output.obj
 0001:00010eec       ??$type_case_integer_parse_into_buffer@I$07@?$output_processor@DV?$string_output_adapter@D@__crt_stdio_output@@V?$standard_base@DV?$string_output_adapter@D@__crt_stdio_output@@@2@@__crt_stdio_output@@AEAAXI_N@Z 0000000180011eec f i libucrt:output.obj
 0001:00010f5c       ??$type_case_integer_parse_into_buffer@I$09@?$output_processor@DV?$string_output_adapter@D@__crt_stdio_output@@V?$format_validation_base@DV?$string_output_adapter@D@__crt_stdio_output@@@2@@__crt_stdio_output@@AEAAXI_N@Z 0000000180011f5c f i libucrt:output.obj
 0001:00010f5c       ??$type_case_integer_parse_into_buffer@I$09@?$output_processor@DV?$string_output_adapter@D@__crt_stdio_output@@V?$standard_base@DV?$string_output_adapter@D@__crt_stdio_output@@@2@@__crt_stdio_output@@AEAAXI_N@Z 0000000180011f5c f i libucrt:output.obj
 0001:00011008       ??$type_case_integer_parse_into_buffer@I$0BA@@?$output_processor@DV?$string_output_adapter@D@__crt_stdio_output@@V?$format_validation_base@DV?$string_output_adapter@D@__crt_stdio_output@@@2@@__crt_stdio_output@@AEAAXI_N@Z 0000000180012008 f i libucrt:output.obj
 0001:00011008       ??$type_case_integer_parse_into_buffer@I$0BA@@?$output_processor@DV?$string_output_adapter@D@__crt_stdio_output@@V?$standard_base@DV?$string_output_adapter@D@__crt_stdio_output@@@2@@__crt_stdio_output@@AEAAXI_N@Z 0000000180012008 f i libucrt:output.obj
 0001:0001108c       ??$type_case_integer_parse_into_buffer@_K$07@?$output_processor@DV?$string_output_adapter@D@__crt_stdio_output@@V?$format_validation_base@DV?$string_output_adapter@D@__crt_stdio_output@@@2@@__crt_stdio_output@@AEAAX_K_N@Z 000000018001208c f i libucrt:output.obj
 0001:0001108c       ??$type_case_integer_parse_into_buffer@_K$07@?$output_processor@DV?$string_output_adapter@D@__crt_stdio_output@@V?$standard_base@DV?$string_output_adapter@D@__crt_stdio_output@@@2@@__crt_stdio_output@@AEAAX_K_N@Z 000000018001208c f i libucrt:output.obj
 0001:000110fc       ??$type_case_integer_parse_into_buffer@_K$09@?$output_processor@DV?$string_output_adapter@D@__crt_stdio_output@@V?$format_validation_base@DV?$string_output_adapter@D@__crt_stdio_output@@@2@@__crt_stdio_output@@AEAAX_K_N@Z 00000001800120fc f i libucrt:output.obj
 0001:000110fc       ??$type_case_integer_parse_into_buffer@_K$09@?$output_processor@DV?$string_output_adapter@D@__crt_stdio_output@@V?$standard_base@DV?$string_output_adapter@D@__crt_stdio_output@@@2@@__crt_stdio_output@@AEAAX_K_N@Z 00000001800120fc f i libucrt:output.obj
 0001:000111ac       ??$type_case_integer_parse_into_buffer@_K$0BA@@?$output_processor@DV?$string_output_adapter@D@__crt_stdio_output@@V?$format_validation_base@DV?$string_output_adapter@D@__crt_stdio_output@@@2@@__crt_stdio_output@@AEAAX_K_N@Z 00000001800121ac f i libucrt:output.obj
 0001:000111ac       ??$type_case_integer_parse_into_buffer@_K$0BA@@?$output_processor@DV?$string_output_adapter@D@__crt_stdio_output@@V?$standard_base@DV?$string_output_adapter@D@__crt_stdio_output@@@2@@__crt_stdio_output@@AEAAX_K_N@Z 00000001800121ac f i libucrt:output.obj
 0001:00011230       ?crop_zeroes@__crt_stdio_output@@YAXPEADQEAU__crt_locale_pointers@@@Z 0000000180012230 f i libucrt:output.obj
 0001:000112a0       ?get_raw_ptd@__crt_cached_ptd_host@@QEAAPEAU__acrt_ptd@@XZ 00000001800122a0 f i libucrt:output.obj
 0001:00011308       ?parse_int_from_format_string@?$output_processor@DV?$string_output_adapter@D@__crt_stdio_output@@V?$format_validation_base@DV?$string_output_adapter@D@__crt_stdio_output@@@2@@__crt_stdio_output@@AEAA_NQEAH@Z 0000000180012308 f i libucrt:output.obj
 0001:00011308       ?parse_int_from_format_string@?$output_processor@DV?$string_output_adapter@D@__crt_stdio_output@@V?$standard_base@DV?$string_output_adapter@D@__crt_stdio_output@@@2@@__crt_stdio_output@@AEAA_NQEAH@Z 0000000180012308 f i libucrt:output.obj
 0001:00011398       ?process@?$output_processor@DV?$string_output_adapter@D@__crt_stdio_output@@V?$format_validation_base@DV?$string_output_adapter@D@__crt_stdio_output@@@2@@__crt_stdio_output@@QEAAHXZ 0000000180012398 f i libucrt:output.obj
 0001:0001171c       ?process@?$output_processor@DV?$string_output_adapter@D@__crt_stdio_output@@V?$standard_base@DV?$string_output_adapter@D@__crt_stdio_output@@@2@@__crt_stdio_output@@QEAAHXZ 000000018001271c f i libucrt:output.obj
 0001:00011a9c       ?state_case_size@?$output_processor@DV?$string_output_adapter@D@__crt_stdio_output@@V?$format_validation_base@DV?$string_output_adapter@D@__crt_stdio_output@@@2@@__crt_stdio_output@@AEAA_NXZ 0000000180012a9c f i libucrt:output.obj
 0001:00011a9c       ?state_case_size@?$output_processor@DV?$string_output_adapter@D@__crt_stdio_output@@V?$standard_base@DV?$string_output_adapter@D@__crt_stdio_output@@@2@@__crt_stdio_output@@AEAA_NXZ 0000000180012a9c f i libucrt:output.obj
 0001:00011c24       ?state_case_type@?$output_processor@DV?$string_output_adapter@D@__crt_stdio_output@@V?$format_validation_base@DV?$string_output_adapter@D@__crt_stdio_output@@@2@@__crt_stdio_output@@AEAA_NXZ 0000000180012c24 f i libucrt:output.obj
 0001:00011c24       ?state_case_type@?$output_processor@DV?$string_output_adapter@D@__crt_stdio_output@@V?$standard_base@DV?$string_output_adapter@D@__crt_stdio_output@@@2@@__crt_stdio_output@@AEAA_NXZ 0000000180012c24 f i libucrt:output.obj
 0001:00012028       ?type_case_Z@?$output_processor@DV?$string_output_adapter@D@__crt_stdio_output@@V?$format_validation_base@DV?$string_output_adapter@D@__crt_stdio_output@@@2@@__crt_stdio_output@@AEAA_NXZ 0000000180013028 f i libucrt:output.obj
 0001:00012028       ?type_case_Z@?$output_processor@DV?$string_output_adapter@D@__crt_stdio_output@@V?$standard_base@DV?$string_output_adapter@D@__crt_stdio_output@@@2@@__crt_stdio_output@@AEAA_NXZ 0000000180013028 f i libucrt:output.obj
 0001:000120a4       ?type_case_a@?$output_processor@DV?$string_output_adapter@D@__crt_stdio_output@@V?$format_validation_base@DV?$string_output_adapter@D@__crt_stdio_output@@@2@@__crt_stdio_output@@AEAA_NXZ 00000001800130a4 f i libucrt:output.obj
 0001:000120a4       ?type_case_a@?$output_processor@DV?$string_output_adapter@D@__crt_stdio_output@@V?$standard_base@DV?$string_output_adapter@D@__crt_stdio_output@@@2@@__crt_stdio_output@@AEAA_NXZ 00000001800130a4 f i libucrt:output.obj
 0001:000122f8       ?type_case_c_tchar@?$output_processor@DV?$string_output_adapter@D@__crt_stdio_output@@V?$format_validation_base@DV?$string_output_adapter@D@__crt_stdio_output@@@2@@__crt_stdio_output@@AEAA_ND@Z 00000001800132f8 f i libucrt:output.obj
 0001:000122f8       ?type_case_c_tchar@?$output_processor@DV?$string_output_adapter@D@__crt_stdio_output@@V?$standard_base@DV?$string_output_adapter@D@__crt_stdio_output@@@2@@__crt_stdio_output@@AEAA_ND@Z 00000001800132f8 f i libucrt:output.obj
 0001:000123cc       ?type_case_n@?$output_processor@DV?$string_output_adapter@D@__crt_stdio_output@@V?$format_validation_base@DV?$string_output_adapter@D@__crt_stdio_output@@@2@@__crt_stdio_output@@AEAA_NXZ 00000001800133cc f i libucrt:output.obj
 0001:000123cc       ?type_case_n@?$output_processor@DV?$string_output_adapter@D@__crt_stdio_output@@V?$standard_base@DV?$string_output_adapter@D@__crt_stdio_output@@@2@@__crt_stdio_output@@AEAA_NXZ 00000001800133cc f i libucrt:output.obj
 0001:00012484       ?type_case_s@?$output_processor@DV?$string_output_adapter@D@__crt_stdio_output@@V?$format_validation_base@DV?$string_output_adapter@D@__crt_stdio_output@@@2@@__crt_stdio_output@@AEAA_NXZ 0000000180013484 f i libucrt:output.obj
 0001:00012484       ?type_case_s@?$output_processor@DV?$string_output_adapter@D@__crt_stdio_output@@V?$standard_base@DV?$string_output_adapter@D@__crt_stdio_output@@@2@@__crt_stdio_output@@AEAA_NXZ 0000000180013484 f i libucrt:output.obj
 0001:00012520       ?update_locale_slow@__crt_cached_ptd_host@@AEAAXXZ 0000000180013520 f i libucrt:output.obj
 0001:00012598       ?write_string@?$string_output_adapter@D@__crt_stdio_output@@QEBAXQEBDHQEAHAEAV__crt_cached_ptd_host@@@Z 0000000180013598 f i libucrt:output.obj
 0001:0001263c       __stdio_common_vsprintf    000000018001363c f   libucrt:output.obj
 0001:00012890       __stdio_common_vsprintf_s  0000000180013890 f   libucrt:output.obj
 0001:000129a4       ??$parse_integer@KV?$c_string_character_source@D@__crt_strtox@@$00@__crt_strtox@@YAKAEAV__crt_cached_ptd_host@@V?$c_string_character_source@D@0@H_N@Z 00000001800139a4 f i libucrt:atox.obj
 0001:00012c94       _ischartype_l              0000000180013c94 f i libucrt:atox.obj
 0001:00012d0c       atol                       0000000180013d0c f   libucrt:atox.obj
 0001:00012dd0       strncmp                    0000000180013dd0 f   libucrt:strncmp.obj
 0001:00012e50       calloc                     0000000180013e50 f   libucrt:calloc.obj
 0001:00012e58       wcsncmp                    0000000180013e58 f   libucrt:wcsncmp.obj
 0001:00012e84       _free_base                 0000000180013e84 f   libucrt:free_base.obj
 0001:00013238       __acrt_freeptd             0000000180014238 f   libucrt:per_thread_data.obj
 0001:0001327c       __acrt_getptd              000000018001427c f   libucrt:per_thread_data.obj
 0001:00013350       __acrt_getptd_head         0000000180014350 f   libucrt:per_thread_data.obj
 0001:000133f4       __acrt_getptd_noexit       00000001800143f4 f   libucrt:per_thread_data.obj
 0001:000134bc       __acrt_getptd_noexit_explicit 00000001800144bc f   libucrt:per_thread_data.obj
 0001:0001357c       __acrt_initialize_ptd      000000018001457c f   libucrt:per_thread_data.obj
 0001:000135b8       __acrt_uninitialize_ptd    00000001800145b8 f   libucrt:per_thread_data.obj
 0001:000135dc       __acrt_initialize_locks    00000001800145dc f   libucrt:locks.obj
 0001:00013624       __acrt_lock                0000000180014624 f   libucrt:locks.obj
 0001:00013640       __acrt_uninitialize_locks  0000000180014640 f   libucrt:locks.obj
 0001:00013678       __acrt_unlock              0000000180014678 f   libucrt:locks.obj
 0001:00013694       __acrt_app_verifier_enabled 0000000180014694 f   libucrt:peb_access.obj
 0001:000136b0       __acrt_is_secure_process   00000001800146b0 f   libucrt:peb_access.obj
 0001:000136c8       __acrt_get_process_end_policy 00000001800146c8 f   libucrt:win_policies.obj
 0001:000136f8       ?get_raw_ptd_noexit@__crt_cached_ptd_host@@QEAAPEAU__acrt_ptd@@XZ 00000001800146f8 f i libucrt:invalid_parameter.obj
 0001:00013764       ?value@?$dual_state_global@P6AXPEB_W00I_K@Z@__crt_state_management@@QEAAAEAP6AXPEB_W00I_K@ZAEAV__crt_cached_ptd_host@@@Z 0000000180014764 f i libucrt:invalid_parameter.obj
 0001:000137b0       __acrt_call_reportfault    00000001800147b0 f   libucrt:invalid_parameter.obj
 0001:0001390c       __acrt_initialize_invalid_parameter_handler 000000018001490c f   libucrt:invalid_parameter.obj
 0001:00013914       _invalid_parameter         0000000180014914 f   libucrt:invalid_parameter.obj
 0001:000139b0       _invalid_parameter_internal 00000001800149b0 f   libucrt:invalid_parameter.obj
 0001:00013a7c       _invalid_parameter_noinfo  0000000180014a7c f   libucrt:invalid_parameter.obj
 0001:00013a9c       _invoke_watson             0000000180014a9c f   libucrt:invalid_parameter.obj
 0001:00013ae4       __acrt_errno_from_os_error 0000000180014ae4 f   libucrt:errno.obj
 0001:00013b2c       __acrt_errno_map_os_error  0000000180014b2c f   libucrt:errno.obj
 0001:00013b74       __acrt_errno_map_os_error_ptd 0000000180014b74 f   libucrt:errno.obj
 0001:00013b98       __doserrno                 0000000180014b98 f   libucrt:errno.obj
 0001:00013bb8       _errno                     0000000180014bb8 f   libucrt:errno.obj
 0001:00013bd8       _calloc_base               0000000180014bd8 f   libucrt:calloc_base.obj
 0001:00013c64       ??$__acrt_convert_wcs_mbs_cp@D_WV<lambda_7c9dea7b4ca7285d2cdb541a38da6275>@@U__crt_win32_buffer_internal_dynamic_resizing@@@@YAHQEBDAEAV?$__crt_win32_buffer@_WU__crt_win32_buffer_internal_dynamic_resizing@@@@AEBV<lambda_7c9dea7b4ca7285d2cdb541a38da6275>@@I@Z 0000000180014c64 f i libucrt:argv_wildcards.obj
 0001:00013de0       ??$__acrt_convert_wcs_mbs_cp@_WDV<lambda_d8593a27d1aa8c02be35c86a17d324c4>@@U__crt_win32_buffer_internal_dynamic_resizing@@@@YAHQEB_WAEAV?$__crt_win32_buffer@DU__crt_win32_buffer_internal_dynamic_resizing@@@@AEBV<lambda_d8593a27d1aa8c02be35c86a17d324c4>@@I@Z 0000000180014de0 f i libucrt:argv_wildcards.obj
 0001:00014684       ??0_LocaleUpdate@@QEAA@QEAU__crt_locale_pointers@@@Z 0000000180015684 f i libucrt:argv_wildcards.obj
 0001:00014720       __acrt_expand_narrow_argv_wildcards 0000000180015720 f   libucrt:argv_wildcards.obj
 0001:00014728       ??$__acrt_convert_wcs_mbs_cp@_WDV<lambda_f788ae46380686e8b737efdd8c720d07>@@U__crt_win32_buffer_no_resizing@@@@YAHQEB_WAEAV?$__crt_win32_buffer@DU__crt_win32_buffer_no_resizing@@@@AEBV<lambda_f788ae46380686e8b737efdd8c720d07>@@I@Z 0000000180015728 f i libucrt:getmodulefilenamea.obj
 0001:00014844       __acrt_GetModuleFileNameA  0000000180015844 f   libucrt:getmodulefilenamea.obj
 0001:00015160       __acrt_initialize_multibyte 0000000180016160 f   libucrt:mbctype.obj
 0001:000151c0       __acrt_update_thread_multibyte_data 00000001800161c0 f   libucrt:mbctype.obj
 0001:000151dc       _setmbcp_nolock            00000001800161dc f   libucrt:mbctype.obj
 0001:00015510       _ismbblead                 0000000180016510 f   libucrt:ismbbyte.obj
 0001:00015524       __acrt_initialize_command_line 0000000180016524 f   libucrt:argv_data.obj
 0001:0001554c       __acrt_MultiByteToWideChar 000000018001654c f   libucrt:multibytetowidechar.obj
 0001:000155dc       __acrt_WideCharToMultiByte 00000001800165dc f   libucrt:widechartomultibyte.obj
 0001:000156bc       __dcrt_get_narrow_environment_from_os 00000001800166bc f   libucrt:get_environment_from_os.obj
 0001:000157cc       _recalloc_base             00000001800167cc f   libucrt:recalloc.obj
 0001:00015a20       __acrt_AppPolicyGetProcessTerminationMethodInternal 0000000180016a20 f   libucrt:winapi_thunks.obj
 0001:00015a78       __acrt_AreFileApisANSI     0000000180016a78 f   libucrt:winapi_thunks.obj
 0001:00015abc       __acrt_FlsAlloc            0000000180016abc f   libucrt:winapi_thunks.obj
 0001:00015ac4       __acrt_FlsFree             0000000180016ac4 f   libucrt:winapi_thunks.obj
 0001:00015acc       __acrt_FlsGetValue         0000000180016acc f   libucrt:winapi_thunks.obj
 0001:00015ad4       __acrt_FlsSetValue         0000000180016ad4 f   libucrt:winapi_thunks.obj
 0001:00015adc       __acrt_InitializeCriticalSectionEx 0000000180016adc f   libucrt:winapi_thunks.obj
 0001:00015b4c       __acrt_LCMapStringEx       0000000180016b4c f   libucrt:winapi_thunks.obj
 0001:00015c38       __acrt_LocaleNameToLCID    0000000180016c38 f   libucrt:winapi_thunks.obj
 0001:00015c98       __acrt_initialize_winapi_thunks 0000000180016c98 f   libucrt:winapi_thunks.obj
 0001:00015cbc       __acrt_uninitialize_winapi_thunks 0000000180016cbc f   libucrt:winapi_thunks.obj
 0001:00015d00       __acrt_initialize_heap     0000000180016d00 f   libucrt:heap_handle.obj
 0001:00015d1c       __acrt_uninitialize_heap   0000000180016d1c f   libucrt:heap_handle.obj
 0001:00015f20       __acrt_initialize_lowio    0000000180016f20 f   libucrt:ioinit.obj
 0001:00015f5c       __acrt_uninitialize_lowio  0000000180016f5c f   libucrt:ioinit.obj
 0001:00015f9c       __acrt_execute_initializers 0000000180016f9c f   libucrt:shared_initialization.obj
 0001:00016030       __acrt_execute_uninitializers 0000000180017030 f   libucrt:shared_initialization.obj
 0001:00016078       __acrt_initialize_new_handler 0000000180017078 f   libucrt:new_handler.obj
 0001:00016080       _callnewh                  0000000180017080 f   libucrt:new_handler.obj
 0001:000160c0       _query_new_handler         00000001800170c0 f   libucrt:new_handler.obj
 0001:00016140       __acrt_get_sigabrt_handler 0000000180017140 f   libucrt:signal.obj
 0001:00016170       __acrt_initialize_signal_handlers 0000000180017170 f   libucrt:signal.obj
 0001:00016190       raise                      0000000180017190 f   libucrt:signal.obj
 0001:0001640c       __acrt_has_user_matherr    000000018001740c f   libucrt:matherr.obj
 0001:0001642c       __acrt_initialize_user_matherr 000000018001742c f   libucrt:matherr.obj
 0001:00016434       __acrt_invoke_user_matherr 0000000180017434 f   libucrt:matherr.obj
 0001:00016650       __acrt_stdio_flush_nolock  0000000180017650 f   libucrt:fflush.obj
 0001:000166dc       _fflush_nolock             00000001800176dc f   libucrt:fflush.obj
 0001:000167b0       _flushall                  00000001800177b0 f   libucrt:fflush.obj
 0001:000167b8       __acrt_initialize_stdio    00000001800177b8 f   libucrt:_file.obj
 0001:000168d8       __acrt_uninitialize_stdio  00000001800178d8 f   libucrt:_file.obj
 0001:00016934       _lock_file                 0000000180017934 f   libucrt:_file.obj
 0001:00016940       _unlock_file               0000000180017940 f   libucrt:_file.obj
 0001:0001694c       _malloc_base               000000018001794c f   libucrt:malloc_base.obj
 0001:000169ac       strnlen                    00000001800179ac f   libucrt:strnlen.obj
 0001:00016afc       wcsnlen                    0000000180017afc f   libucrt:strnlen.obj
 0001:00016cd4       __acrt_update_locale_info  0000000180017cd4 f   libucrt:locale_update.obj
 0001:00016d08       __acrt_update_locale_info_explicit 0000000180017d08 f   libucrt:locale_update.obj
 0001:00016d40       __acrt_update_multibyte_info 0000000180017d40 f   libucrt:locale_update.obj
 0001:00016d74       __acrt_update_multibyte_info_explicit 0000000180017d74 f   libucrt:locale_update.obj
 0001:000178c0       __acrt_fp_format           00000001800188c0 f   libucrt:cvt.obj
 0001:00017ba8       _wctomb_internal           0000000180018ba8 f   libucrt:wctomb.obj
 0001:00017d58       _mbtowc_internal           0000000180018d58 f   libucrt:mbtowc.obj
 0001:00017ed0       _fileno                    0000000180018ed0 f   libucrt:fileno.obj
 0001:00017ef8       _get_printf_count_output   0000000180018ef8 f   libucrt:printf_count_output.obj
 0001:00017f80       __acrt_set_locale_changed  0000000180018f80 f   libucrt:wsetlocale.obj
 0001:00017f8c       __acrt_uninitialize_locale 0000000180018f8c f   libucrt:wsetlocale.obj
 0001:00017fbc       __pctype_func              0000000180018fbc f   libucrt:ctype.obj
 0001:00017fec       _isctype_l                 0000000180018fec f   libucrt:isctype.obj
 0001:000180f4       __acrt_add_locale_ref      00000001800190f4 f   libucrt:locale_refcounting.obj
 0001:00018180       __acrt_free_locale         0000000180019180 f   libucrt:locale_refcounting.obj
 0001:000182f8       __acrt_locale_add_lc_time_reference 00000001800192f8 f   libucrt:locale_refcounting.obj
 0001:00018320       __acrt_locale_free_lc_time_if_unreferenced 0000000180019320 f   libucrt:locale_refcounting.obj
 0001:00018358       __acrt_locale_release_lc_time_reference 0000000180019358 f   libucrt:locale_refcounting.obj
 0001:00018380       __acrt_release_locale_ref  0000000180019380 f   libucrt:locale_refcounting.obj
 0001:00018428       __acrt_update_thread_locale_data 0000000180019428 f   libucrt:locale_refcounting.obj
 0001:00018498       _updatetlocinfoEx_nolock   0000000180019498 f   libucrt:locale_refcounting.obj
 0001:00018500       _query_new_mode            0000000180019500 f   libucrt:new_mode.obj
 0001:00018510       qsort                      0000000180019510 f   libucrt:qsort.obj
 0001:00018920       strncpy_s                  0000000180019920 f   libucrt:strncpy_s.obj
 0001:00018ab0       strpbrk                    0000000180019ab0 f   libucrt:strpbrk.obj
 0001:00018e78       _mbsdec                    0000000180019e78 f   libucrt:mbsdec.obj
 0001:00018e80       _mbsdec_l                  0000000180019e80 f   libucrt:mbsdec.obj
 0001:00018f14       __acrt_GetStringTypeA      0000000180019f14 f   libucrt:getstringtypea.obj
 0001:000193d8       __acrt_LCMapStringA        000000018001a3d8 f   libucrt:lcmapstringa.obj
 0001:00019488       _msize_base                000000018001a488 f   libucrt:msize.obj
 0001:000194c4       _realloc_base              000000018001a4c4 f   libucrt:realloc_base.obj
 0001:00019540       __acrt_DownlevelLocaleNameToLCID 000000018001a540 f   libucrt:lcidtoname_downlevel.obj
 0001:000195e4       __acrt_lowio_create_handle_array 000000018001a5e4 f   libucrt:osfinfo.obj
 0001:0001968c       __acrt_lowio_destroy_handle_array 000000018001a68c f   libucrt:osfinfo.obj
 0001:000196dc       __acrt_lowio_ensure_fh_exists 000000018001a6dc f   libucrt:osfinfo.obj
 0001:00019784       __acrt_lowio_lock_fh       000000018001a784 f   libucrt:osfinfo.obj
 0001:000197ac       __acrt_lowio_unlock_fh     000000018001a7ac f   libucrt:osfinfo.obj
 0001:000197d4       _free_osfhnd               000000018001a7d4 f   libucrt:osfinfo.obj
 0001:00019890       _get_osfhandle             000000018001a890 f   libucrt:osfinfo.obj
 0001:00019994       _commit                    000000018001a994 f   libucrt:commit.obj
 0001:0001a230       _write_internal            000000018001b230 f   libucrt:write.obj
 0001:0001a350       _write_nolock              000000018001b350 f   libucrt:write.obj
 0001:0001a658       _fcloseall                 000000018001b658 f   libucrt:closeall.obj
 0001:0001a70c       __acrt_stdio_free_buffer_nolock 000000018001b70c f   libucrt:_freebuf.obj
 0001:0001a750       _isatty                    000000018001b750 f   libucrt:isatty.obj
 0001:0001a880       __acrt_fp_strflt_to_string 000000018001b880 f   libucrt:_fptostr.obj
 0001:0001a990       ?divide@__crt_strtox@@YA_KAEAUbig_integer@1@AEBU21@@Z 000000018001b990 f i libucrt:cfout.obj
 0001:0001ae2c       __acrt_fltout              000000018001be2c f   libucrt:cfout.obj
 0001:0001c144       fegetround                 000000018001d144 f   libucrt:fegetround.obj
 0001:0001c158       ?__c32rtomb_utf8@__crt_mbstring@@YA_KPEAD_UPEAU_Mbstatet@@AEAV__crt_cached_ptd_host@@@Z 000000018001d158 f   libucrt:c32rtomb.obj
 0001:0001c1fc       ?__mbrtowc_utf8@__crt_mbstring@@YA_KPEA_WPEBD_KPEAU_Mbstatet@@AEAV__crt_cached_ptd_host@@@Z 000000018001d1fc f   libucrt:mbrtowc.obj
 0001:0001c240       ?__mbsrtowcs_utf8@__crt_mbstring@@YA_KPEA_WPEAPEBD_KPEAU_Mbstatet@@AEAV__crt_cached_ptd_host@@@Z 000000018001d240 f   libucrt:mbrtowc.obj
 0001:0001c3e4       __acrt_locale_free_monetary 000000018001d3e4 f   libucrt:initmon.obj
 0001:0001c4f0       __acrt_locale_free_numeric 000000018001d4f0 f   libucrt:initnum.obj
 0001:0001c590       __acrt_locale_free_time    000000018001d590 f   libucrt:inittime.obj
 0001:0001c698       __strncnt                  000000018001d698 f   libucrt:strncnt.obj
 0001:0001c6b0       __ascii_wcsnicmp           000000018001d6b0 f   libucrt:wcsnicmp.obj
 0001:0001c6fc       _query_app_type            000000018001d6fc f   libucrt:report_runtime_error.obj
 0001:0001c7b0       _lseeki64_nolock_internal  000000018001d7b0 f   libucrt:lseek.obj
 0001:0001c7b8       _putwch_nolock             000000018001d7b8 f   libucrt:putwch.obj
 0001:0001c918       fclose                     000000018001d918 f   libucrt:fclose.obj
 0001:0001c9b0       _controlfp_s               000000018001d9b0 f   libucrt:contrlfp.obj
 0001:0001ca14       fegetenv                   000000018001da14 f   libucrt:fegetenv.obj
 0001:0001ca34       fesetenv                   000000018001da34 f   libucrt:fesetenv.obj
 0001:0001ca8c       feholdexcept               000000018001da8c f   libucrt:feholdexcept.obj
 0001:0001cadc       ceil                       000000018001dadc f   libucrt:ceil.obj
 0001:0001cba0       log10                      000000018001dba0 f   libucrt:log10.obj
 0001:0001d14c       __acrt_fenv_get_common_round_control 000000018001e14c f   libucrt:_fenvutils.obj
 0001:0001d158       __acrt_fenv_get_control    000000018001e158 f   libucrt:_fenvutils.obj
 0001:0001d23c       __acrt_fenv_get_status     000000018001e23c f   libucrt:_fenvutils.obj
 0001:0001d294       __acrt_fenv_set_control    000000018001e294 f   libucrt:_fenvutils.obj
 0001:0001d3cc       __acrt_fenv_set_status     000000018001e3cc f   libucrt:_fenvutils.obj
 0001:0001d440       ?reset_and_return@__crt_mbstring@@YA_K_KPEAU_Mbstatet@@@Z 000000018001e440 f   libucrt:common_utf8.obj
 0001:0001d448       ?return_illegal_sequence@__crt_mbstring@@YA_KPEAU_Mbstatet@@AEAV__crt_cached_ptd_host@@@Z 000000018001e448 f   libucrt:common_utf8.obj
 0001:0001d45c       ?__mbrtoc32_utf8@__crt_mbstring@@YA_KPEA_UPEBD_KPEAU_Mbstatet@@AEAV__crt_cached_ptd_host@@@Z 000000018001e45c f   libucrt:mbrtoc32.obj
 0001:0001d638       __dcrt_lowio_ensure_console_output_initialized 000000018001e638 f   libucrt:initcon.obj
 0001:0001d68c       __dcrt_terminate_console_output 000000018001e68c f   libucrt:initcon.obj
 0001:0001d6a8       __dcrt_write_console       000000018001e6a8 f   libucrt:initcon.obj
 0001:0001d7e0       _close_internal            000000018001e7e0 f   libucrt:close.obj
 0001:0001d8a4       _close_nolock_internal     000000018001e8a4 f   libucrt:close.obj
 0001:0001d974       ?__acrt_stdio_free_stream@@YAXV__crt_stdio_stream@@@Z 000000018001e974 f   libucrt:stream.obj
 0001:0001d990       _clearfp                   000000018001e990 f   libucrt:ieee.obj
 0001:0001d9fc       _control87                 000000018001e9fc f   libucrt:ieee.obj
 0001:0001ddc4       _handle_error              000000018001edc4 f   libucrt:libm_error.obj
 0001:0001deec       _handle_nan                000000018001eeec f   libucrt:libm_error.obj
 0001:0001df10       __acrt_initialize_fma3     000000018001ef10 f   libucrt:fma3_available.obj
 0001:0001df80       _log10_special             000000018001ef80 f   libucrt:log_special.obj
 0001:0001e050       _get_fpsr                  000000018001f050 f   libucrt:fpsr.obj
 0001:0001e060       _set_fpsr                  000000018001f060 f   libucrt:fpsr.obj
 0001:0001e06a       _fclrf                     000000018001f06a f   libucrt:fpsr.obj
 0001:0001e07e       _frnd                      000000018001f07e f   libucrt:fpsr.obj
 0001:0001e0a0       _raise_exc                 000000018001f0a0 f   libucrt:fpexcept.obj
 0001:0001e0c8       _raise_exc_ex              000000018001f0c8 f   libucrt:fpexcept.obj
 0001:0001e3d0       _set_errno_from_matherr    000000018001f3d0 f   libucrt:fpexcept.obj
 0001:0001e400       _clrfp                     000000018001f400 f   libucrt:fpctrl.obj
 0001:0001e420       _ctrlfp                    000000018001f420 f   libucrt:fpctrl.obj
 0001:0001e49c       _set_statfp                000000018001f49c f   libucrt:fpctrl.obj
 0001:0001e4bc       _statfp                    000000018001f4bc f   libucrt:fpctrl.obj
 0001:0001e4d0       _FindPESection             000000018001f4d0 f   LIBCMT:pesect.obj
 0001:0001e520       _IsNonwritableInCurrentImage 000000018001f520 f   LIBCMT:pesect.obj
 0001:0001e570       _ValidateImageBase         000000018001f570 f   LIBCMT:pesect.obj
 0001:0001e59c       __GSHandlerCheck           000000018001f59c f   LIBCMT:gshandler.obj
 0001:0001e5bc       __GSHandlerCheckCommon     000000018001f5bc f   LIBCMT:gshandler.obj
 0001:0001e630       __security_check_cookie    000000018001f630 f   LIBCMT:amdsecgs.obj
 0001:0001e650       __GSHandlerCheck_SEH       000000018001f650 f   LIBCMT:gshandlerseh.obj
 0001:0001e6d8       __raise_securityfailure    000000018001f6d8 f   LIBCMT:gs_report.obj
 0001:0001e70c       __report_gsfailure         000000018001f70c f   LIBCMT:gs_report.obj
 0001:0001e7e0       __report_rangecheckfailure 000000018001f7e0 f   LIBCMT:gs_report.obj
 0001:0001e7f4       __report_securityfailure   000000018001f7f4 f   LIBCMT:gs_report.obj
 0001:0001e990       __chkstk                   000000018001f990 f   LIBCMT:chkstk.obj
 0001:0001e990       _alloca_probe              000000018001f990 f   LIBCMT:chkstk.obj
 0001:0001e9e0       __GSHandlerCheck_EH        000000018001f9e0 f   LIBCMT:gshandlereh.obj
 0001:0001ea60       __C_specific_handler_noexcept 000000018001fa60 f   libvcruntime:chandler_noexcept.obj
 0001:0001eaac       strrchr                    000000018001faac f   libvcruntime:strrchr.obj
 0001:0001ec00       memcmp                     000000018001fc00 f   libvcruntime:memcmp.obj
 0001:0001ece0       _guard_dispatch_icall_nop  000000018001fce0 f   LIBCMT:guard_dispatch.obj
 0001:0001ed00       _guard_xfg_dispatch_icall_nop 000000018001fd00 f   LIBCMT:guard_xfg_dispatch.obj
 0002:00000000       __imp_LoadLibraryA         0000000180021000     kernel32:KERNEL32.dll
[...]
 0002:0000acb4       $unwind$?should_round_up@@YA_NQEBN_KFW4__acrt_rounding_mode@@@Z 000000018002bcb4     libucrt:cvt.obj
 0002:0000acd0       $unwind$?fp_format_a@@YAHQEBNPEAD_KQEAD2H_NIW4__acrt_rounding_mode@@AEAV__crt_cached_ptd_host@@@Z 000000018002bcd0     libucrt:cvt.obj
 0002:0000acec       $unwind$?fp_format_g@@YAHQEBNQEAD_K12H_NIW4__acrt_rounding_mode@@AEAV__crt_cached_ptd_host@@@Z 000000018002bcec     libucrt:cvt.obj
 0002:0000ad04       $unwind$_wctomb_internal   000000018002bd04     libucrt:wctomb.obj
 0002:0000ad18       $unwind$??$?RV<lambda_410d79af7f07d98d83a3f525b3859a53>@@AEAV<lambda_3e16ef9562a7dcce91392c22ab16ea36>@@V<lambda_38119f0e861e05405d8a144b9b982f0a>@@@?$__crt_seh_guarded_call@X@@QEAAX$$QEAV<lambda_410d79af7f07d98d83a3f525b3859a53>@@AEAV<lambda_3e16ef9562a7dcce91392c22ab16ea36>@@$$QEAV<lambda_38119f0e861e05405d8a144b9b982f0a>@@@Z 000000018002bd18     libucrt:wsetlocale.obj
 0002:0000ad40       $unwind$_isctype_l         000000018002bd40     libucrt:isctype.obj
 0002:0000ad5c       $unwind$__acrt_update_thread_locale_data 000000018002bd5c     libucrt:locale_refcounting.obj
 0002:0000ad80       $unwind$qsort              000000018002bd80     libucrt:qsort.obj
 0002:0000ad98       $chain$4$qsort             000000018002bd98     libucrt:qsort.obj
 0002:0000adbc       $chain$5$qsort             000000018002bdbc     libucrt:qsort.obj
 0002:0000adcc       $unwind$strpbrk            000000018002bdcc     libucrt:strpbrk.obj
 0002:0000addc       $unwind$fallbackMethod     000000018002bddc     libucrt:strpbrk.obj
 0002:0000adec       $unwind$__acrt_GetStringTypeA 000000018002bdec     libucrt:getstringtypea.obj
 0002:0000ae14       $unwind$__acrt_LCMapStringA 000000018002be14     libucrt:lcmapstringa.obj
 0002:0000ae24       $unwind$?__acrt_LCMapStringA_stat@@YAHPEAU__crt_locale_pointers@@PEB_WKPEBDHPEADHHH@Z 000000018002be24     libucrt:lcmapstringa.obj
 0002:0000ae4c       $unwind$__acrt_lowio_destroy_handle_array 000000018002be4c     libucrt:osfinfo.obj
 0002:0000ae5c       $unwind$__acrt_lowio_ensure_fh_exists 000000018002be5c     libucrt:osfinfo.obj
 0002:0000ae88       $unwind$_commit            000000018002be88     libucrt:commit.obj
 0002:0000ae90       $unwind$??$?RV<lambda_a37b2b86f63e897a80ea819b0eb08c01>@@AEAV<lambda_38ce7e780aa69e748d6df282ebc68efe>@@V<lambda_99fb1378e971ab6e7edea83e3a7a83a2>@@@?$__crt_seh_guarded_call@H@@QEAAH$$QEAV<lambda_a37b2b86f63e897a80ea819b0eb08c01>@@AEAV<lambda_38ce7e780aa69e748d6df282ebc68efe>@@$$QEAV<lambda_99fb1378e971ab6e7edea83e3a7a83a2>@@@Z 000000018002be90     libucrt:commit.obj
 0002:0000aeb4       $unwind$_write_nolock      000000018002beb4     libucrt:write.obj
 0002:0000aecc       $unwind$_write_internal    000000018002becc     libucrt:write.obj
 0002:0000aef8       $unwind$?write_double_translated_ansi_nolock@@YA?AUwrite_result@?A0x17268360@@HQEBDIAEAV__crt_cached_ptd_host@@@Z 000000018002bef8     libucrt:write.obj
 0002:0000af20       $ip2state$?write_double_translated_ansi_nolock@@YA?AUwrite_result@?A0x17268360@@HQEBDIAEAV__crt_cached_ptd_host@@@Z 000000018002bf20     libucrt:write.obj
 0002:0000af28       $unwind$?write_text_ansi_nolock@@YA?AUwrite_result@?A0x17268360@@HQEBDI@Z 000000018002bf28     libucrt:write.obj
 0002:0000af28       $unwind$?write_text_utf16le_nolock@@YA?AUwrite_result@?A0x17268360@@HQEBDI@Z 000000018002bf28     libucrt:write.obj
 0002:0000af48       $unwind$?write_text_utf8_nolock@@YA?AUwrite_result@?A0x17268360@@HQEBDI@Z 000000018002bf48     libucrt:write.obj
 0002:0000af6c       $unwind$_fcloseall         000000018002bf6c     libucrt:closeall.obj
 0002:0000af90       $unwind$__acrt_fltout      000000018002bf90     libucrt:cfout.obj
 0002:0000afb0       $unwind$?divide@__crt_strtox@@YA_KAEAUbig_integer@1@AEBU21@@Z 000000018002bfb0     libucrt:cfout.obj
 0002:0000afc8       $chain$0$?divide@__crt_strtox@@YA_KAEAUbig_integer@1@AEBU21@@Z 000000018002bfc8     libucrt:cfout.obj
 0002:0000afdc       $chain$1$?divide@__crt_strtox@@YA_KAEAUbig_integer@1@AEBU21@@Z 000000018002bfdc     libucrt:cfout.obj
 0002:0000afec       $unwind$?__mbsrtowcs_utf8@__crt_mbstring@@YA_KPEA_WPEAPEBD_KPEAU_Mbstatet@@AEAV__crt_cached_ptd_host@@@Z 000000018002bfec     libucrt:mbrtowc.obj
 0002:0000b004       $unwind$__acrt_locale_free_monetary 000000018002c004     libucrt:initmon.obj
 0002:0000b00c       $unwind$__acrt_locale_free_time 000000018002c00c     libucrt:inittime.obj
 0002:0000b01c       $unwind$_putwch_nolock     000000018002c01c     libucrt:putwch.obj
 0002:0000b024       $unwind$?_fclose_nolock_internal@@YAHQEAU_iobuf@@AEAV__crt_cached_ptd_host@@@Z 000000018002c024     libucrt:fclose.obj
 0002:0000b034       $unwind$?_fclose_internal@@YAHQEAU_iobuf@@AEAV__crt_cached_ptd_host@@@Z 000000018002c034     libucrt:fclose.obj
 0002:0000b058       $unwind$fesetenv           000000018002c058     libucrt:fesetenv.obj
 0002:0000b068       $xdatasym                  000000018002c068     libucrt:log10.obj
 0002:0000b074       $unwind$__acrt_fenv_get_control 000000018002c074     libucrt:_fenvutils.obj
 0002:0000b07c       $unwind$__acrt_fenv_set_control 000000018002c07c     libucrt:_fenvutils.obj
 0002:0000b08c       $unwind$?__mbrtoc32_utf8@__crt_mbstring@@YA_KPEA_UPEBD_KPEAU_Mbstatet@@AEAV__crt_cached_ptd_host@@@Z 000000018002c08c     libucrt:mbrtoc32.obj
 0002:0000b0a8       $unwind$_close_internal    000000018002c0a8     libucrt:close.obj
 0002:0000b0b0       $unwind$??$?RV<lambda_ad8af0d99a0adf03d037d7dffe354bb5>@@AEAV<lambda_c9ba49e555ba839a7b07aa3fbecb7617>@@V<lambda_2f1ebd5d68526518146ae959c9e734c8>@@@?$__crt_seh_guarded_call@H@@QEAAH$$QEAV<lambda_ad8af0d99a0adf03d037d7dffe354bb5>@@AEAV<lambda_c9ba49e555ba839a7b07aa3fbecb7617>@@$$QEAV<lambda_2f1ebd5d68526518146ae959c9e734c8>@@@Z 000000018002c0b0     libucrt:close.obj
 0002:0000b0d4       $unwind$common_control87   000000018002c0d4     libucrt:ieee.obj
 0002:0000b100       $unwind$_call_matherr      000000018002c100     libucrt:libm_error.obj
 0002:0000b108       $unwind$_handle_error      000000018002c108     libucrt:libm_error.obj
 0002:0000b128       $unwind$__acrt_initialize_fma3 000000018002c128     libucrt:fma3_available.obj
 0002:0000b130       $unwind$_log_special_common 000000018002c130     libucrt:log_special.obj
 0002:0000b140       $xdatasym                  000000018002c140     libucrt:fpsr.obj
 0002:0000b148       $unwind$_raise_exc_ex      000000018002c148     libucrt:fpexcept.obj
 0002:0000b15c       $unwind$_ctrlfp            000000018002c15c     libucrt:fpctrl.obj
 0002:0000b184       $unwind$_IsNonwritableInCurrentImage 000000018002c184     LIBCMT:pesect.obj
 0002:0000b1a8       $unwind$__GSHandlerCheckCommon 000000018002c1a8     LIBCMT:gshandler.obj
 0002:0000b1b0       $xdatasym                  000000018002c1b0     LIBCMT:amdsecgs.obj
 0002:0000b1b4       $unwind$__report_securityfailure 000000018002c1b4     LIBCMT:gs_report.obj
 0002:0000b1bc       $unwind$__report_gsfailure 000000018002c1bc     LIBCMT:gs_report.obj
 0002:0000b1c4       $unwind$capture_current_context 000000018002c1c4     LIBCMT:gs_report.obj
 0002:0000b1d0       $unwind$capture_previous_context 000000018002c1d0     LIBCMT:gs_report.obj
 0002:0000b1e0       $xdatasym                  000000018002c1e0     LIBCMT:chkstk.obj
 0002:0000b1e8       $xdatasym                  000000018002c1e8     libvcruntime:memcmp.obj
 0002:0000b710       .edata                     000000018002c710     PhysXCooking_64.exp
 0002:0000b738       rgpv                       000000018002c738     PhysXCooking_64.exp
 0002:0000b820       rgszName                   000000018002c820     PhysXCooking_64.exp
 0002:0000b908       rgwOrd                     000000018002c908     PhysXCooking_64.exp
 0002:0000b97c       szName                     000000018002c97c     PhysXCooking_64.exp
 0002:0000b990       $N00001                    000000018002c990     PhysXCooking_64.exp
 0002:0000b9b4       $N00002                    000000018002c9b4     PhysXCooking_64.exp
 0002:0000b9e3       $N00003                    000000018002c9e3     PhysXCooking_64.exp
 0002:0000ba0a       $N00004                    000000018002ca0a     PhysXCooking_64.exp
 0002:0000ba61       $N00005                    000000018002ca61     PhysXCooking_64.exp
 0002:0000ba8c       $N00006                    000000018002ca8c     PhysXCooking_64.exp
 0002:0000bab2       $N00007                    000000018002cab2     PhysXCooking_64.exp
 0002:0000bad1       $N00008                    000000018002cad1     PhysXCooking_64.exp
 0002:0000baf5       $N00009                    000000018002caf5     PhysXCooking_64.exp
 0002:0000bb1c       $N00010                    000000018002cb1c     PhysXCooking_64.exp
 0002:0000bb45       $N00011                    000000018002cb45     PhysXCooking_64.exp
 0002:0000bb64       $N00012                    000000018002cb64     PhysXCooking_64.exp
 0002:0000bb97       $N00013                    000000018002cb97     PhysXCooking_64.exp
 0002:0000bbcd       $N00014                    000000018002cbcd     PhysXCooking_64.exp
 0002:0000bc05       $N00015                    000000018002cc05     PhysXCooking_64.exp
 0002:0000bc37       $N00016                    000000018002cc37     PhysXCooking_64.exp
 0002:0000bc63       $N00017                    000000018002cc63     PhysXCooking_64.exp
 0002:0000bc7f       $N00018                    000000018002cc7f     PhysXCooking_64.exp
 0002:0000bca9       $N00019                    000000018002cca9     PhysXCooking_64.exp
 0002:0000bce5       $N00020                    000000018002cce5     PhysXCooking_64.exp
 0002:0000bd20       $N00021                    000000018002cd20     PhysXCooking_64.exp
 0002:0000bd5b       $N00022                    000000018002cd5b     PhysXCooking_64.exp
 0002:0000bd90       $N00023                    000000018002cd90     PhysXCooking_64.exp
 0002:0000bdcc       $N00024                    000000018002cdcc     PhysXCooking_64.exp
 0002:0000bdff       $N00025                    000000018002cdff     PhysXCooking_64.exp
 0002:0000be32       $N00026                    000000018002ce32     PhysXCooking_64.exp
 0002:0000be6c       $N00027                    000000018002ce6c     PhysXCooking_64.exp
 0002:0000bea6       $N00028                    000000018002cea6     PhysXCooking_64.exp
 0002:0000bed3       $N00029                    000000018002ced3     PhysXCooking_64.exp
 0002:0000bf06       $N00030                    000000018002cf06     PhysXCooking_64.exp
 0002:0000bf34       $N00031                    000000018002cf34     PhysXCooking_64.exp
 0002:0000bf61       $N00032                    000000018002cf61     PhysXCooking_64.exp
 0002:0000bf9d       $N00033                    000000018002cf9d     PhysXCooking_64.exp
 0002:0000bfda       $N00034                    000000018002cfda     PhysXCooking_64.exp
 0002:0000c00a       $N00035                    000000018002d00a     PhysXCooking_64.exp
 0002:0000c021       $N00036                    000000018002d021     PhysXCooking_64.exp
 0002:0000c03c       $N00037                    000000018002d03c     PhysXCooking_64.exp
 0002:0000c053       $N00038                    000000018002d053     PhysXCooking_64.exp
 0002:0000c069       $N00039                    000000018002d069     PhysXCooking_64.exp
 0002:0000c080       $N00040                    000000018002d080     PhysXCooking_64.exp
 0002:0000c098       $N00041                    000000018002d098     PhysXCooking_64.exp
 0002:0000c0a2       $N00042                    000000018002d0a2     PhysXCooking_64.exp
 0002:0000c0b3       $N00043                    000000018002d0b3     PhysXCooking_64.exp
 0002:0000c0c5       $N00044                    000000018002d0c5     PhysXCooking_64.exp
 0002:0000c0d8       $N00045                    000000018002d0d8     PhysXCooking_64.exp
 0002:0000c0ee       $N00046                    000000018002d0ee     PhysXCooking_64.exp
 0002:0000c101       $N00047                    000000018002d101     PhysXCooking_64.exp
 0002:0000c10d       $N00048                    000000018002d10d     PhysXCooking_64.exp
 0002:0000c121       $N00049                    000000018002d121     PhysXCooking_64.exp
 0002:0000c134       $N00050                    000000018002d134     PhysXCooking_64.exp
 0002:0000c148       $N00051                    000000018002d148     PhysXCooking_64.exp
 0002:0000c15d       $N00052                    000000018002d15d     PhysXCooking_64.exp
 0002:0000c175       $N00053                    000000018002d175     PhysXCooking_64.exp
 0002:0000c18a       $N00054                    000000018002d18a     PhysXCooking_64.exp
 0002:0000c1a7       $N00055                    000000018002d1a7     PhysXCooking_64.exp
 0002:0000c1c8       $N00056                    000000018002d1c8     PhysXCooking_64.exp
 0002:0000c1e7       $N00057                    000000018002d1e7     PhysXCooking_64.exp
 0002:0000c1fc       $N00058                    000000018002d1fc     PhysXCooking_64.exp
 0002:0000c4d0       .idata$6                   000000018002d4d0     kernel32:KERNEL32.dll
 0003:00000040       ?prefix@?1??getDimension@UnDecorator@@CA?AVDName@@_N@Z@4UStringLiteral@@A 000000018002e040     libvcruntime:undname.obj
 0003:00000050       ?__vcrt_flsindex@@3KA      000000018002e050     libvcruntime:per_thread_data.obj
 0003:00000070       ?__acrt_flsindex@@3KA      000000018002e070     libucrt:per_thread_data.obj
 0003:00000074       ?errno_no_memory@@3HA      000000018002e074     libucrt:errno.obj
 0003:00000078       ?doserrno_no_memory@@3KA   000000018002e078     libucrt:errno.obj
 0003:000002b0       _mbctypes                  000000018002e2b0     libucrt:mbctype.obj
 0003:000003c0       _mbcasemaps                000000018002e3c0     libucrt:mbctype.obj
 0003:000004c0       ?__rgctypeflag@@3PADA      000000018002e4c0     libucrt:mbctype.obj
 0003:000004d0       ?__rgcode_page_info@@3PAUcode_page_info@@A 000000018002e4d0     libucrt:mbctype.obj
 0003:000009e0       ?__dcrt_lowio_console_output_handle@@3PEAXEA 000000018002e9e0     libucrt:initcon.obj
 0003:000009e8       ?dazSupported@?1??common_control87@@9@9 000000018002e9e8     libucrt:ieee.obj
 0003:000009f0       ?dazSupported@?1??_ctrlfp@@9@9 000000018002e9f0     libucrt:fpctrl.obj
 0003:00000cb0       ?maxV3Error@vecMathTests@aos@physx@@3T__m128@@B 000000018002ecb0     Cooking.obj
 0003:00000cc0       ?minFError@vecMathTests@aos@physx@@3T__m128@@B 000000018002ecc0     Cooking.obj
 0003:00000cd0       ?maxV4Error@vecMathTests@aos@physx@@3T__m128@@B 000000018002ecd0     Cooking.obj
 0003:00000ce0       ?minV4Error@vecMathTests@aos@physx@@3T__m128@@B 000000018002ece0     Cooking.obj
 0003:00000cf0       ?minV3Error@vecMathTests@aos@physx@@3T__m128@@B 000000018002ecf0     Cooking.obj
 0003:00000d00       ?maxFError@vecMathTests@aos@physx@@3T__m128@@B 000000018002ed00     Cooking.obj
 0003:00000d10       ?gCookingDelayLoadHook@@3PEBVPxDelayLoadHook@physx@@EB 000000018002ed10     WindowsCookingDelayLoadHook.obj
 0003:00000d70       ?__proc_attached@@3HA      000000018002ed70     LIBCMT:dll_dllmain.obj
 0003:00000d98       ?is_initialized_as_dll@@3_NA 000000018002ed98     LIBCMT:utility.obj
 0003:00000d99       ?module_local_atexit_table_initialized@@3_NA 000000018002ed99     LIBCMT:utility.obj
 0003:00000da0       ?module_local_atexit_table@@3U_onexit_table_t@@A 000000018002eda0     LIBCMT:utility.obj
 0003:00000db8       ?module_local_at_quick_exit_table@@3U_onexit_table_t@@A 000000018002edb8     LIBCMT:utility.obj
 0003:00000e28       ?heap@@3V_HeapManager@@A   000000018002ee28     libvcruntime:undname.obj
 0003:00000e50       ?__vcrt_startup_thread_ptd@@3U__vcrt_ptd@@A 000000018002ee50     libvcruntime:per_thread_data.obj
 0003:00000ed0       __vcrt_lock_table          000000018002eed0     libvcruntime:locks.obj
 0003:00000ef8       __vcrt_locks_initialized   000000018002eef8     libvcruntime:locks.obj
 0003:00000f00       ?module_handles@@3PAPEAUHINSTANCE__@@A 000000018002ef00     libvcruntime:winapi_downlevel.obj
 0003:00000f18       ?function_pointers@@3PAPEAXA 000000018002ef18     libvcruntime:winapi_downlevel.obj
 0003:00000f40       ?c_termination_complete@@3JA 000000018002ef40     libucrt:exit.obj
 0003:00000f48       ?thread_local_exit_callback_func@@3P6AXPEAXK0@ZEA 000000018002ef48     libucrt:exit.obj
 0003:00000f50       ?c_exit_complete@?1???R<lambda_6e4b09c48022b2350581041d5f6b0c4c>@@QEBA@XZ@4_NA 000000018002ef50     libucrt:exit.obj
 0003:00000f60       ?program_name@?1???$common_configure_argv@D@@YAHW4_crt_argv_mode@@@Z@4PADA 000000018002ef60     libucrt:argv_parsing.obj
 0003:000010c0       ?__acrt_lock_table@@3PAU_RTL_CRITICAL_SECTION@@A 000000018002f0c0     libucrt:locks.obj
 0003:000012f0       ?__acrt_locks_initialized@@3IA 000000018002f2f0     libucrt:locks.obj
 0003:000012f8       ?__acrt_invalid_parameter_handler@@3V?$dual_state_global@P6AXPEB_W00I_K@Z@__crt_state_management@@A 000000018002f2f8     libucrt:invalid_parameter.obj
 0003:00001318       ?fSystemSet@@3HA           000000018002f318     libucrt:mbctype.obj
 0003:0000131c       ?initialized@?1??__acrt_initialize_multibyte@@9@4_NA 000000018002f31c     libucrt:mbctype.obj
 0003:00001350       ?module_handles@@3PAPEAUHINSTANCE__@@A 000000018002f350     libucrt:winapi_thunks.obj
 0003:00001400       ?encoded_function_pointers@@3PAPEAXA 000000018002f400     libucrt:winapi_thunks.obj
 0003:00001908       ?__acrt_new_handler@@3V?$dual_state_global@P6AH_K@Z@__crt_state_management@@A 000000018002f908     libucrt:new_handler.obj
 0003:00001910       ?ctrlc_action@@3V?$dual_state_global@P6AXH@Z@__crt_state_management@@A 000000018002f910     libucrt:signal.obj
 0003:00001918       ?ctrlbreak_action@@3V?$dual_state_global@P6AXH@Z@__crt_state_management@@A 000000018002f918     libucrt:signal.obj
 0003:00001920       ?abort_action@@3V?$dual_state_global@P6AXH@Z@__crt_state_management@@A 000000018002f920     libucrt:signal.obj
 0003:00001928       ?term_action@@3V?$dual_state_global@P6AXH@Z@__crt_state_management@@A 000000018002f928     libucrt:signal.obj
 0003:00001930       ?user_matherr@@3V?$dual_state_global@P6AHPEAU_exception@@@Z@__crt_state_management@@A 000000018002f930     libucrt:matherr.obj
 0003:00001960       ?internal_state@?1??_mbtowc_internal@@9@4U_Mbstatet@@A 000000018002f960     libucrt:mbtowc.obj
 0003:00001968       ?enable_percent_n@@3_KA    000000018002f968     libucrt:printf_count_output.obj
 0003:00001974       ?__acrt_global_new_mode@@3V?$dual_state_global@J@__crt_state_management@@A 000000018002f974     libucrt:new_mode.obj
 0003:00001980       ?__acrt_app_type@@3W4_crt_app_type@@A 000000018002f980     libucrt:report_runtime_error.obj
 0003:00001988       ?internal_pst@?1??__mbrtoc32_utf8@__crt_mbstring@@YA_KPEA_UPEBD_KPEAU_Mbstatet@@AEAV__crt_cached_ptd_host@@@Z@4U3@A 000000018002f988     libucrt:mbrtoc32.obj
 0003:000019a0       GS_ExceptionRecord         000000018002f9a0     LIBCMT:gs_report.obj
 0003:00001a40       GS_ContextRecord           000000018002fa40     LIBCMT:gs_report.obj
 0005:00000000       SetSmall                   0000000180032000     libvcruntime:memset.obj
 0005:00000040       SetSmallYmm                0000000180032040     libvcruntime:memset.obj
 0005:00000064       SetSmallYmmNT              0000000180032064     libvcruntime:memset.obj
 0005:00000088       SetSmallXmm                0000000180032088     libvcruntime:memset.obj
 0005:000000b0       MoveSmall                  00000001800320b0     libvcruntime:memcpy.obj
 0005:000000f0       MoveSmallYmm               00000001800320f0     libvcruntime:memcpy.obj
 0005:00000114       MoveSmallYmmNT             0000000180032114     libvcruntime:memcpy.obj
 0005:00000138       MoveSmallXmm               0000000180032138     libvcruntime:memcpy.obj
 0006:000000a0       $R000000                   00000001800330a0     PhysXCooking.res
 0006:000003d0       $R000330                   00000001800333d0     PhysXCooking.res
